#
# There is insufficient memory for the Java Runtime Environment to continue.
# Native memory allocation (malloc) failed to allocate 457792 bytes. Error detail: Chunk::new
# Possible reasons:
#   The system is out of physical RAM or swap space
#   This process is running with CompressedOops enabled, and the Java Heap may be blocking the growth of the native heap
# Possible solutions:
#   Reduce memory load on the system
#   Increase physical memory or swap space
#   Check if swap backing store is full
#   Decrease Java heap size (-Xmx/-Xms)
#   Decrease number of Java threads
#   Decrease Java thread stack sizes (-Xss)
#   Set larger code cache with -XX:ReservedCodeCacheSize=
#   JVM is running with Unscaled Compressed Oops mode in which the Java heap is
#     placed in the first 4GB address space. The Java Heap base address is the
#     maximum limit for the native heap growth. Please use -XX:HeapBaseMinAddress
#     to set the Java Heap base and to place the Java Heap above 4GB virtual address.
# This output file may be truncated or incomplete.
#
#  Out of Memory Error (arena.cpp:168), pid=10364, tid=16044
#
# JRE version: OpenJDK Runtime Environment Temurin-21.0.5+11 (21.0.5+11) (build 21.0.5+11-LTS)
# Java VM: OpenJDK 64-Bit Server VM Temurin-21.0.5+11 (21.0.5+11-LTS, mixed mode, sharing, tiered, compressed oops, compressed class ptrs, g1 gc, windows-amd64)
# No core dump will be written. Minidumps are not enabled by default on client versions of Windows
#

---------------  S U M M A R Y ------------

Command Line: -Xms256m -Xmx512m -Dclassworlds.conf=C:\PROGRAMAS_DESARROLLO\apache-maven-3.8.8\bin\m2.conf -Dmaven.home=C:\PROGRAMAS_DESARROLLO\apache-maven-3.8.8 -Dlibrary.jansi.path=C:\PROGRAMAS_DESARROLLO\apache-maven-3.8.8\lib\jansi-native -Dmaven.multiModuleProjectDirectory=C:\WORKSPACE_DESARROLLO_INTELLIJ\MODULE_PATRON_PUB_SUB_RABBIT\rabbit-consumer org.codehaus.plexus.classworlds.launcher.Launcher clean install

Host: Intel(R) Core(TM) i7-9750H CPU @ 2.60GHz, 12 cores, 15G,  Windows 10 , 64 bit Build 19041 (10.0.19041.5794)
Time: Fri May 30 10:24:04 2025 Hora est. Pacífico, Sudamérica elapsed time: 1.252860 seconds (0d 0h 0m 1s)

---------------  T H R E A D  ---------------

Current thread (0x000001ac7a234810):  JavaThread "C2 CompilerThread2" daemon [_thread_in_native, id=16044, stack(0x00000027e6200000,0x00000027e6300000) (1024K)]


Current CompileTask:
C2:1252 1510       4       jdk.internal.loader.URLClassPath::getResource (74 bytes)

Stack: [0x00000027e6200000,0x00000027e6300000]
Native frames: (J=compiled Java code, j=interpreted, Vv=VM code, C=native code)
V  [jvm.dll+0x6cd4e9]
V  [jvm.dll+0x8a7941]
V  [jvm.dll+0x8a9e6e]
V  [jvm.dll+0x8aa543]
V  [jvm.dll+0x27f6d6]
V  [jvm.dll+0xc500d]
V  [jvm.dll+0xc5543]
V  [jvm.dll+0x3b660c]
V  [jvm.dll+0x382835]
V  [jvm.dll+0x381c9a]
V  [jvm.dll+0x2479d0]
V  [jvm.dll+0x246faf]
V  [jvm.dll+0x1c75ce]
V  [jvm.dll+0x25682a]
V  [jvm.dll+0x254dca]
V  [jvm.dll+0x3f00d6]
V  [jvm.dll+0x8514fb]
V  [jvm.dll+0x6cbbed]
C  [ucrtbase.dll+0x21bb2]
C  [KERNEL32.DLL+0x17374]
C  [ntdll.dll+0x4cc91]


---------------  P R O C E S S  ---------------

Threads class SMR info:
_java_thread_list=0x000001ac7a1e6670, length=13, elements={
0x000001ac58440ac0, 0x000001ac75a632a0, 0x000001ac75a641b0, 0x000001ac75a65f70,
0x000001ac75a689d0, 0x000001ac75a6b430, 0x000001ac75a6ce90, 0x000001ac75a6fea0,
0x000001ac75a78940, 0x000001ac75d2bc90, 0x000001ac75d2c500, 0x000001ac7a0cea50,
0x000001ac7a234810
}

Java Threads: ( => current thread )
  0x000001ac58440ac0 JavaThread "main"                              [_thread_in_Java, id=37612, stack(0x00000027e4f00000,0x00000027e5000000) (1024K)]
  0x000001ac75a632a0 JavaThread "Reference Handler"          daemon [_thread_blocked, id=24148, stack(0x00000027e5700000,0x00000027e5800000) (1024K)]
  0x000001ac75a641b0 JavaThread "Finalizer"                  daemon [_thread_blocked, id=12008, stack(0x00000027e5800000,0x00000027e5900000) (1024K)]
  0x000001ac75a65f70 JavaThread "Signal Dispatcher"          daemon [_thread_blocked, id=29268, stack(0x00000027e5900000,0x00000027e5a00000) (1024K)]
  0x000001ac75a689d0 JavaThread "Attach Listener"            daemon [_thread_blocked, id=40164, stack(0x00000027e5a00000,0x00000027e5b00000) (1024K)]
  0x000001ac75a6b430 JavaThread "Service Thread"             daemon [_thread_blocked, id=15800, stack(0x00000027e5b00000,0x00000027e5c00000) (1024K)]
  0x000001ac75a6ce90 JavaThread "Monitor Deflation Thread"   daemon [_thread_blocked, id=34328, stack(0x00000027e5c00000,0x00000027e5d00000) (1024K)]
  0x000001ac75a6fea0 JavaThread "C2 CompilerThread0"         daemon [_thread_blocked, id=31536, stack(0x00000027e5d00000,0x00000027e5e00000) (1024K)]
  0x000001ac75a78940 JavaThread "C1 CompilerThread0"         daemon [_thread_in_native, id=11992, stack(0x00000027e5e00000,0x00000027e5f00000) (1024K)]
  0x000001ac75d2bc90 JavaThread "Notification Thread"        daemon [_thread_blocked, id=18568, stack(0x00000027e5f00000,0x00000027e6000000) (1024K)]
  0x000001ac75d2c500 JavaThread "Common-Cleaner"             daemon [_thread_blocked, id=22652, stack(0x00000027e6000000,0x00000027e6100000) (1024K)]
  0x000001ac7a0cea50 JavaThread "C2 CompilerThread1"         daemon [_thread_blocked, id=24096, stack(0x00000027e6100000,0x00000027e6200000) (1024K)]
=>0x000001ac7a234810 JavaThread "C2 CompilerThread2"         daemon [_thread_in_native, id=16044, stack(0x00000027e6200000,0x00000027e6300000) (1024K)]
Total: 13

Other Threads:
  0x000001ac75a48ed0 VMThread "VM Thread"                           [id=39648, stack(0x00000027e5600000,0x00000027e5700000) (1024K)]
  0x000001ac75a38890 WatcherThread "VM Periodic Task Thread"        [id=17888, stack(0x00000027e5500000,0x00000027e5600000) (1024K)]
  0x000001ac5a7b7530 WorkerThread "GC Thread#0"                     [id=13944, stack(0x00000027e5000000,0x00000027e5100000) (1024K)]
  0x000001ac7a7c4140 WorkerThread "GC Thread#1"                     [id=27376, stack(0x00000027e6300000,0x00000027e6400000) (1024K)]
  0x000001ac7a7c44e0 WorkerThread "GC Thread#2"                     [id=40540, stack(0x00000027e6400000,0x00000027e6500000) (1024K)]
  0x000001ac7a7c4880 WorkerThread "GC Thread#3"                     [id=41104, stack(0x00000027e6500000,0x00000027e6600000) (1024K)]
  0x000001ac7a8b0be0 WorkerThread "GC Thread#4"                     [id=24348, stack(0x00000027e6600000,0x00000027e6700000) (1024K)]
  0x000001ac7a8b0f80 WorkerThread "GC Thread#5"                     [id=35412, stack(0x00000027e6700000,0x00000027e6800000) (1024K)]
  0x000001ac7b0b4c30 WorkerThread "GC Thread#6"                     [id=8476, stack(0x00000027e6800000,0x00000027e6900000) (1024K)]
  0x000001ac7ad24cd0 WorkerThread "GC Thread#7"                     [id=24708, stack(0x00000027e6900000,0x00000027e6a00000) (1024K)]
  0x000001ac5a7bc510 ConcurrentGCThread "G1 Main Marker"            [id=27036, stack(0x00000027e5100000,0x00000027e5200000) (1024K)]
  0x000001ac5a7bd1c0 WorkerThread "G1 Conc#0"                       [id=37908, stack(0x00000027e5200000,0x00000027e5300000) (1024K)]
  0x000001ac7590b590 ConcurrentGCThread "G1 Refine#0"               [id=21352, stack(0x00000027e5300000,0x00000027e5400000) (1024K)]
  0x000001ac7590bf10 ConcurrentGCThread "G1 Service"                [id=42328, stack(0x00000027e5400000,0x00000027e5500000) (1024K)]
Total: 14

Threads with active compile tasks:
C1 CompilerThread0  1279 1562       3       java.util.HashMap::containsKey (14 bytes)
C2 CompilerThread2  1279 1510       4       jdk.internal.loader.URLClassPath::getResource (74 bytes)
Total: 2

VM state: not at safepoint (normal execution)

VM Mutex/Monitor currently owned by a thread: None

Heap address: 0x00000000e0000000, size: 512 MB, Compressed Oops mode: 32-bit

CDS archive(s) mapped at: [0x000001ac00000000-0x000001ac00c80000-0x000001ac00c80000), size 13107200, SharedBaseAddress: 0x000001ac00000000, ArchiveRelocationMode: 1.
Compressed class space mapped at: 0x000001ac01000000-0x000001ac41000000, reserved size: 1073741824
Narrow klass base: 0x000001ac00000000, Narrow klass shift: 0, Narrow klass range: 0x100000000

GC Precious Log:
 CardTable entry size: 512
 Card Set container configuration: InlinePtr #cards 5 size 8 Array Of Cards #cards 12 size 40 Howl #buckets 4 coarsen threshold 1843 Howl Bitmap #cards 512 size 80 coarsen threshold 460 Card regions per heap region 1 cards per card region 2048
 CPUs: 12 total, 12 available
 Memory: 16231M
 Large Page Support: Disabled
 NUMA Support: Disabled
 Compressed Oops: Enabled (32-bit)
 Heap Region Size: 1M
 Heap Min Capacity: 256M
 Heap Initial Capacity: 256M
 Heap Max Capacity: 512M
 Pre-touch: Disabled
 Parallel Workers: 10
 Concurrent Workers: 3
 Concurrent Refinement Workers: 10
 Periodic GC: Disabled

Heap:
 garbage-first heap   total 262144K, used 19913K [0x00000000e0000000, 0x0000000100000000)
  region size 1024K, 20 young (20480K), 3 survivors (3072K)
 Metaspace       used 8037K, committed 8192K, reserved 1114112K
  class space    used 933K, committed 1024K, reserved 1048576K

Heap Regions: E=young(eden), S=young(survivor), O=old, HS=humongous(starts), HC=humongous(continues), CS=collection set, F=free, TAMS=top-at-mark-start, PB=parsable bottom
|   0|0x00000000e0000000, 0x00000000e00724b0, 0x00000000e0100000| 44%| O|  |TAMS 0x00000000e0000000| PB 0x00000000e0000000| Untracked 
|   1|0x00000000e0100000, 0x00000000e0100000, 0x00000000e0200000|  0%| F|  |TAMS 0x00000000e0100000| PB 0x00000000e0100000| Untracked 
|   2|0x00000000e0200000, 0x00000000e0200000, 0x00000000e0300000|  0%| F|  |TAMS 0x00000000e0200000| PB 0x00000000e0200000| Untracked 
|   3|0x00000000e0300000, 0x00000000e0300000, 0x00000000e0400000|  0%| F|  |TAMS 0x00000000e0300000| PB 0x00000000e0300000| Untracked 
|   4|0x00000000e0400000, 0x00000000e0400000, 0x00000000e0500000|  0%| F|  |TAMS 0x00000000e0400000| PB 0x00000000e0400000| Untracked 
|   5|0x00000000e0500000, 0x00000000e0500000, 0x00000000e0600000|  0%| F|  |TAMS 0x00000000e0500000| PB 0x00000000e0500000| Untracked 
|   6|0x00000000e0600000, 0x00000000e0600000, 0x00000000e0700000|  0%| F|  |TAMS 0x00000000e0600000| PB 0x00000000e0600000| Untracked 
|   7|0x00000000e0700000, 0x00000000e0700000, 0x00000000e0800000|  0%| F|  |TAMS 0x00000000e0700000| PB 0x00000000e0700000| Untracked 
|   8|0x00000000e0800000, 0x00000000e0800000, 0x00000000e0900000|  0%| F|  |TAMS 0x00000000e0800000| PB 0x00000000e0800000| Untracked 
|   9|0x00000000e0900000, 0x00000000e0900000, 0x00000000e0a00000|  0%| F|  |TAMS 0x00000000e0900000| PB 0x00000000e0900000| Untracked 
|  10|0x00000000e0a00000, 0x00000000e0a00000, 0x00000000e0b00000|  0%| F|  |TAMS 0x00000000e0a00000| PB 0x00000000e0a00000| Untracked 
|  11|0x00000000e0b00000, 0x00000000e0b00000, 0x00000000e0c00000|  0%| F|  |TAMS 0x00000000e0b00000| PB 0x00000000e0b00000| Untracked 
|  12|0x00000000e0c00000, 0x00000000e0c00000, 0x00000000e0d00000|  0%| F|  |TAMS 0x00000000e0c00000| PB 0x00000000e0c00000| Untracked 
|  13|0x00000000e0d00000, 0x00000000e0d00000, 0x00000000e0e00000|  0%| F|  |TAMS 0x00000000e0d00000| PB 0x00000000e0d00000| Untracked 
|  14|0x00000000e0e00000, 0x00000000e0e00000, 0x00000000e0f00000|  0%| F|  |TAMS 0x00000000e0e00000| PB 0x00000000e0e00000| Untracked 
|  15|0x00000000e0f00000, 0x00000000e0f00000, 0x00000000e1000000|  0%| F|  |TAMS 0x00000000e0f00000| PB 0x00000000e0f00000| Untracked 
|  16|0x00000000e1000000, 0x00000000e1000000, 0x00000000e1100000|  0%| F|  |TAMS 0x00000000e1000000| PB 0x00000000e1000000| Untracked 
|  17|0x00000000e1100000, 0x00000000e1100000, 0x00000000e1200000|  0%| F|  |TAMS 0x00000000e1100000| PB 0x00000000e1100000| Untracked 
|  18|0x00000000e1200000, 0x00000000e1200000, 0x00000000e1300000|  0%| F|  |TAMS 0x00000000e1200000| PB 0x00000000e1200000| Untracked 
|  19|0x00000000e1300000, 0x00000000e1300000, 0x00000000e1400000|  0%| F|  |TAMS 0x00000000e1300000| PB 0x00000000e1300000| Untracked 
|  20|0x00000000e1400000, 0x00000000e1400000, 0x00000000e1500000|  0%| F|  |TAMS 0x00000000e1400000| PB 0x00000000e1400000| Untracked 
|  21|0x00000000e1500000, 0x00000000e1500000, 0x00000000e1600000|  0%| F|  |TAMS 0x00000000e1500000| PB 0x00000000e1500000| Untracked 
|  22|0x00000000e1600000, 0x00000000e1600000, 0x00000000e1700000|  0%| F|  |TAMS 0x00000000e1600000| PB 0x00000000e1600000| Untracked 
|  23|0x00000000e1700000, 0x00000000e1700000, 0x00000000e1800000|  0%| F|  |TAMS 0x00000000e1700000| PB 0x00000000e1700000| Untracked 
|  24|0x00000000e1800000, 0x00000000e1800000, 0x00000000e1900000|  0%| F|  |TAMS 0x00000000e1800000| PB 0x00000000e1800000| Untracked 
|  25|0x00000000e1900000, 0x00000000e1900000, 0x00000000e1a00000|  0%| F|  |TAMS 0x00000000e1900000| PB 0x00000000e1900000| Untracked 
|  26|0x00000000e1a00000, 0x00000000e1a00000, 0x00000000e1b00000|  0%| F|  |TAMS 0x00000000e1a00000| PB 0x00000000e1a00000| Untracked 
|  27|0x00000000e1b00000, 0x00000000e1b00000, 0x00000000e1c00000|  0%| F|  |TAMS 0x00000000e1b00000| PB 0x00000000e1b00000| Untracked 
|  28|0x00000000e1c00000, 0x00000000e1c00000, 0x00000000e1d00000|  0%| F|  |TAMS 0x00000000e1c00000| PB 0x00000000e1c00000| Untracked 
|  29|0x00000000e1d00000, 0x00000000e1d00000, 0x00000000e1e00000|  0%| F|  |TAMS 0x00000000e1d00000| PB 0x00000000e1d00000| Untracked 
|  30|0x00000000e1e00000, 0x00000000e1e00000, 0x00000000e1f00000|  0%| F|  |TAMS 0x00000000e1e00000| PB 0x00000000e1e00000| Untracked 
|  31|0x00000000e1f00000, 0x00000000e1f00000, 0x00000000e2000000|  0%| F|  |TAMS 0x00000000e1f00000| PB 0x00000000e1f00000| Untracked 
|  32|0x00000000e2000000, 0x00000000e2000000, 0x00000000e2100000|  0%| F|  |TAMS 0x00000000e2000000| PB 0x00000000e2000000| Untracked 
|  33|0x00000000e2100000, 0x00000000e2100000, 0x00000000e2200000|  0%| F|  |TAMS 0x00000000e2100000| PB 0x00000000e2100000| Untracked 
|  34|0x00000000e2200000, 0x00000000e2200000, 0x00000000e2300000|  0%| F|  |TAMS 0x00000000e2200000| PB 0x00000000e2200000| Untracked 
|  35|0x00000000e2300000, 0x00000000e2300000, 0x00000000e2400000|  0%| F|  |TAMS 0x00000000e2300000| PB 0x00000000e2300000| Untracked 
|  36|0x00000000e2400000, 0x00000000e2400000, 0x00000000e2500000|  0%| F|  |TAMS 0x00000000e2400000| PB 0x00000000e2400000| Untracked 
|  37|0x00000000e2500000, 0x00000000e2500000, 0x00000000e2600000|  0%| F|  |TAMS 0x00000000e2500000| PB 0x00000000e2500000| Untracked 
|  38|0x00000000e2600000, 0x00000000e2600000, 0x00000000e2700000|  0%| F|  |TAMS 0x00000000e2600000| PB 0x00000000e2600000| Untracked 
|  39|0x00000000e2700000, 0x00000000e2700000, 0x00000000e2800000|  0%| F|  |TAMS 0x00000000e2700000| PB 0x00000000e2700000| Untracked 
|  40|0x00000000e2800000, 0x00000000e2800000, 0x00000000e2900000|  0%| F|  |TAMS 0x00000000e2800000| PB 0x00000000e2800000| Untracked 
|  41|0x00000000e2900000, 0x00000000e2900000, 0x00000000e2a00000|  0%| F|  |TAMS 0x00000000e2900000| PB 0x00000000e2900000| Untracked 
|  42|0x00000000e2a00000, 0x00000000e2a00000, 0x00000000e2b00000|  0%| F|  |TAMS 0x00000000e2a00000| PB 0x00000000e2a00000| Untracked 
|  43|0x00000000e2b00000, 0x00000000e2b00000, 0x00000000e2c00000|  0%| F|  |TAMS 0x00000000e2b00000| PB 0x00000000e2b00000| Untracked 
|  44|0x00000000e2c00000, 0x00000000e2c00000, 0x00000000e2d00000|  0%| F|  |TAMS 0x00000000e2c00000| PB 0x00000000e2c00000| Untracked 
|  45|0x00000000e2d00000, 0x00000000e2d00000, 0x00000000e2e00000|  0%| F|  |TAMS 0x00000000e2d00000| PB 0x00000000e2d00000| Untracked 
|  46|0x00000000e2e00000, 0x00000000e2e00000, 0x00000000e2f00000|  0%| F|  |TAMS 0x00000000e2e00000| PB 0x00000000e2e00000| Untracked 
|  47|0x00000000e2f00000, 0x00000000e2f00000, 0x00000000e3000000|  0%| F|  |TAMS 0x00000000e2f00000| PB 0x00000000e2f00000| Untracked 
|  48|0x00000000e3000000, 0x00000000e3000000, 0x00000000e3100000|  0%| F|  |TAMS 0x00000000e3000000| PB 0x00000000e3000000| Untracked 
|  49|0x00000000e3100000, 0x00000000e3100000, 0x00000000e3200000|  0%| F|  |TAMS 0x00000000e3100000| PB 0x00000000e3100000| Untracked 
|  50|0x00000000e3200000, 0x00000000e3200000, 0x00000000e3300000|  0%| F|  |TAMS 0x00000000e3200000| PB 0x00000000e3200000| Untracked 
|  51|0x00000000e3300000, 0x00000000e3300000, 0x00000000e3400000|  0%| F|  |TAMS 0x00000000e3300000| PB 0x00000000e3300000| Untracked 
|  52|0x00000000e3400000, 0x00000000e3400000, 0x00000000e3500000|  0%| F|  |TAMS 0x00000000e3400000| PB 0x00000000e3400000| Untracked 
|  53|0x00000000e3500000, 0x00000000e3500000, 0x00000000e3600000|  0%| F|  |TAMS 0x00000000e3500000| PB 0x00000000e3500000| Untracked 
|  54|0x00000000e3600000, 0x00000000e3600000, 0x00000000e3700000|  0%| F|  |TAMS 0x00000000e3600000| PB 0x00000000e3600000| Untracked 
|  55|0x00000000e3700000, 0x00000000e3700000, 0x00000000e3800000|  0%| F|  |TAMS 0x00000000e3700000| PB 0x00000000e3700000| Untracked 
|  56|0x00000000e3800000, 0x00000000e3800000, 0x00000000e3900000|  0%| F|  |TAMS 0x00000000e3800000| PB 0x00000000e3800000| Untracked 
|  57|0x00000000e3900000, 0x00000000e3900000, 0x00000000e3a00000|  0%| F|  |TAMS 0x00000000e3900000| PB 0x00000000e3900000| Untracked 
|  58|0x00000000e3a00000, 0x00000000e3a00000, 0x00000000e3b00000|  0%| F|  |TAMS 0x00000000e3a00000| PB 0x00000000e3a00000| Untracked 
|  59|0x00000000e3b00000, 0x00000000e3b00000, 0x00000000e3c00000|  0%| F|  |TAMS 0x00000000e3b00000| PB 0x00000000e3b00000| Untracked 
|  60|0x00000000e3c00000, 0x00000000e3c00000, 0x00000000e3d00000|  0%| F|  |TAMS 0x00000000e3c00000| PB 0x00000000e3c00000| Untracked 
|  61|0x00000000e3d00000, 0x00000000e3d00000, 0x00000000e3e00000|  0%| F|  |TAMS 0x00000000e3d00000| PB 0x00000000e3d00000| Untracked 
|  62|0x00000000e3e00000, 0x00000000e3e00000, 0x00000000e3f00000|  0%| F|  |TAMS 0x00000000e3e00000| PB 0x00000000e3e00000| Untracked 
|  63|0x00000000e3f00000, 0x00000000e3f00000, 0x00000000e4000000|  0%| F|  |TAMS 0x00000000e3f00000| PB 0x00000000e3f00000| Untracked 
|  64|0x00000000e4000000, 0x00000000e4000000, 0x00000000e4100000|  0%| F|  |TAMS 0x00000000e4000000| PB 0x00000000e4000000| Untracked 
|  65|0x00000000e4100000, 0x00000000e4100000, 0x00000000e4200000|  0%| F|  |TAMS 0x00000000e4100000| PB 0x00000000e4100000| Untracked 
|  66|0x00000000e4200000, 0x00000000e4200000, 0x00000000e4300000|  0%| F|  |TAMS 0x00000000e4200000| PB 0x00000000e4200000| Untracked 
|  67|0x00000000e4300000, 0x00000000e4300000, 0x00000000e4400000|  0%| F|  |TAMS 0x00000000e4300000| PB 0x00000000e4300000| Untracked 
|  68|0x00000000e4400000, 0x00000000e4400000, 0x00000000e4500000|  0%| F|  |TAMS 0x00000000e4400000| PB 0x00000000e4400000| Untracked 
|  69|0x00000000e4500000, 0x00000000e4500000, 0x00000000e4600000|  0%| F|  |TAMS 0x00000000e4500000| PB 0x00000000e4500000| Untracked 
|  70|0x00000000e4600000, 0x00000000e4600000, 0x00000000e4700000|  0%| F|  |TAMS 0x00000000e4600000| PB 0x00000000e4600000| Untracked 
|  71|0x00000000e4700000, 0x00000000e4700000, 0x00000000e4800000|  0%| F|  |TAMS 0x00000000e4700000| PB 0x00000000e4700000| Untracked 
|  72|0x00000000e4800000, 0x00000000e4800000, 0x00000000e4900000|  0%| F|  |TAMS 0x00000000e4800000| PB 0x00000000e4800000| Untracked 
|  73|0x00000000e4900000, 0x00000000e4900000, 0x00000000e4a00000|  0%| F|  |TAMS 0x00000000e4900000| PB 0x00000000e4900000| Untracked 
|  74|0x00000000e4a00000, 0x00000000e4a00000, 0x00000000e4b00000|  0%| F|  |TAMS 0x00000000e4a00000| PB 0x00000000e4a00000| Untracked 
|  75|0x00000000e4b00000, 0x00000000e4b00000, 0x00000000e4c00000|  0%| F|  |TAMS 0x00000000e4b00000| PB 0x00000000e4b00000| Untracked 
|  76|0x00000000e4c00000, 0x00000000e4c00000, 0x00000000e4d00000|  0%| F|  |TAMS 0x00000000e4c00000| PB 0x00000000e4c00000| Untracked 
|  77|0x00000000e4d00000, 0x00000000e4d00000, 0x00000000e4e00000|  0%| F|  |TAMS 0x00000000e4d00000| PB 0x00000000e4d00000| Untracked 
|  78|0x00000000e4e00000, 0x00000000e4e00000, 0x00000000e4f00000|  0%| F|  |TAMS 0x00000000e4e00000| PB 0x00000000e4e00000| Untracked 
|  79|0x00000000e4f00000, 0x00000000e4f00000, 0x00000000e5000000|  0%| F|  |TAMS 0x00000000e4f00000| PB 0x00000000e4f00000| Untracked 
|  80|0x00000000e5000000, 0x00000000e5000000, 0x00000000e5100000|  0%| F|  |TAMS 0x00000000e5000000| PB 0x00000000e5000000| Untracked 
|  81|0x00000000e5100000, 0x00000000e5100000, 0x00000000e5200000|  0%| F|  |TAMS 0x00000000e5100000| PB 0x00000000e5100000| Untracked 
|  82|0x00000000e5200000, 0x00000000e5200000, 0x00000000e5300000|  0%| F|  |TAMS 0x00000000e5200000| PB 0x00000000e5200000| Untracked 
|  83|0x00000000e5300000, 0x00000000e5300000, 0x00000000e5400000|  0%| F|  |TAMS 0x00000000e5300000| PB 0x00000000e5300000| Untracked 
|  84|0x00000000e5400000, 0x00000000e5400000, 0x00000000e5500000|  0%| F|  |TAMS 0x00000000e5400000| PB 0x00000000e5400000| Untracked 
|  85|0x00000000e5500000, 0x00000000e5500000, 0x00000000e5600000|  0%| F|  |TAMS 0x00000000e5500000| PB 0x00000000e5500000| Untracked 
|  86|0x00000000e5600000, 0x00000000e5600000, 0x00000000e5700000|  0%| F|  |TAMS 0x00000000e5600000| PB 0x00000000e5600000| Untracked 
|  87|0x00000000e5700000, 0x00000000e5700000, 0x00000000e5800000|  0%| F|  |TAMS 0x00000000e5700000| PB 0x00000000e5700000| Untracked 
|  88|0x00000000e5800000, 0x00000000e5800000, 0x00000000e5900000|  0%| F|  |TAMS 0x00000000e5800000| PB 0x00000000e5800000| Untracked 
|  89|0x00000000e5900000, 0x00000000e5900000, 0x00000000e5a00000|  0%| F|  |TAMS 0x00000000e5900000| PB 0x00000000e5900000| Untracked 
|  90|0x00000000e5a00000, 0x00000000e5a00000, 0x00000000e5b00000|  0%| F|  |TAMS 0x00000000e5a00000| PB 0x00000000e5a00000| Untracked 
|  91|0x00000000e5b00000, 0x00000000e5b00000, 0x00000000e5c00000|  0%| F|  |TAMS 0x00000000e5b00000| PB 0x00000000e5b00000| Untracked 
|  92|0x00000000e5c00000, 0x00000000e5c00000, 0x00000000e5d00000|  0%| F|  |TAMS 0x00000000e5c00000| PB 0x00000000e5c00000| Untracked 
|  93|0x00000000e5d00000, 0x00000000e5d00000, 0x00000000e5e00000|  0%| F|  |TAMS 0x00000000e5d00000| PB 0x00000000e5d00000| Untracked 
|  94|0x00000000e5e00000, 0x00000000e5e00000, 0x00000000e5f00000|  0%| F|  |TAMS 0x00000000e5e00000| PB 0x00000000e5e00000| Untracked 
|  95|0x00000000e5f00000, 0x00000000e5f00000, 0x00000000e6000000|  0%| F|  |TAMS 0x00000000e5f00000| PB 0x00000000e5f00000| Untracked 
|  96|0x00000000e6000000, 0x00000000e6000000, 0x00000000e6100000|  0%| F|  |TAMS 0x00000000e6000000| PB 0x00000000e6000000| Untracked 
|  97|0x00000000e6100000, 0x00000000e6100000, 0x00000000e6200000|  0%| F|  |TAMS 0x00000000e6100000| PB 0x00000000e6100000| Untracked 
|  98|0x00000000e6200000, 0x00000000e6200000, 0x00000000e6300000|  0%| F|  |TAMS 0x00000000e6200000| PB 0x00000000e6200000| Untracked 
|  99|0x00000000e6300000, 0x00000000e6300000, 0x00000000e6400000|  0%| F|  |TAMS 0x00000000e6300000| PB 0x00000000e6300000| Untracked 
| 100|0x00000000e6400000, 0x00000000e6400000, 0x00000000e6500000|  0%| F|  |TAMS 0x00000000e6400000| PB 0x00000000e6400000| Untracked 
| 101|0x00000000e6500000, 0x00000000e6500000, 0x00000000e6600000|  0%| F|  |TAMS 0x00000000e6500000| PB 0x00000000e6500000| Untracked 
| 102|0x00000000e6600000, 0x00000000e6600000, 0x00000000e6700000|  0%| F|  |TAMS 0x00000000e6600000| PB 0x00000000e6600000| Untracked 
| 103|0x00000000e6700000, 0x00000000e6700000, 0x00000000e6800000|  0%| F|  |TAMS 0x00000000e6700000| PB 0x00000000e6700000| Untracked 
| 104|0x00000000e6800000, 0x00000000e6800000, 0x00000000e6900000|  0%| F|  |TAMS 0x00000000e6800000| PB 0x00000000e6800000| Untracked 
| 105|0x00000000e6900000, 0x00000000e6900000, 0x00000000e6a00000|  0%| F|  |TAMS 0x00000000e6900000| PB 0x00000000e6900000| Untracked 
| 106|0x00000000e6a00000, 0x00000000e6a00000, 0x00000000e6b00000|  0%| F|  |TAMS 0x00000000e6a00000| PB 0x00000000e6a00000| Untracked 
| 107|0x00000000e6b00000, 0x00000000e6b00000, 0x00000000e6c00000|  0%| F|  |TAMS 0x00000000e6b00000| PB 0x00000000e6b00000| Untracked 
| 108|0x00000000e6c00000, 0x00000000e6c00000, 0x00000000e6d00000|  0%| F|  |TAMS 0x00000000e6c00000| PB 0x00000000e6c00000| Untracked 
| 109|0x00000000e6d00000, 0x00000000e6d00000, 0x00000000e6e00000|  0%| F|  |TAMS 0x00000000e6d00000| PB 0x00000000e6d00000| Untracked 
| 110|0x00000000e6e00000, 0x00000000e6e00000, 0x00000000e6f00000|  0%| F|  |TAMS 0x00000000e6e00000| PB 0x00000000e6e00000| Untracked 
| 111|0x00000000e6f00000, 0x00000000e6f00000, 0x00000000e7000000|  0%| F|  |TAMS 0x00000000e6f00000| PB 0x00000000e6f00000| Untracked 
| 112|0x00000000e7000000, 0x00000000e7000000, 0x00000000e7100000|  0%| F|  |TAMS 0x00000000e7000000| PB 0x00000000e7000000| Untracked 
| 113|0x00000000e7100000, 0x00000000e7100000, 0x00000000e7200000|  0%| F|  |TAMS 0x00000000e7100000| PB 0x00000000e7100000| Untracked 
| 114|0x00000000e7200000, 0x00000000e7200000, 0x00000000e7300000|  0%| F|  |TAMS 0x00000000e7200000| PB 0x00000000e7200000| Untracked 
| 115|0x00000000e7300000, 0x00000000e7300000, 0x00000000e7400000|  0%| F|  |TAMS 0x00000000e7300000| PB 0x00000000e7300000| Untracked 
| 116|0x00000000e7400000, 0x00000000e7400000, 0x00000000e7500000|  0%| F|  |TAMS 0x00000000e7400000| PB 0x00000000e7400000| Untracked 
| 117|0x00000000e7500000, 0x00000000e7500000, 0x00000000e7600000|  0%| F|  |TAMS 0x00000000e7500000| PB 0x00000000e7500000| Untracked 
| 118|0x00000000e7600000, 0x00000000e7600000, 0x00000000e7700000|  0%| F|  |TAMS 0x00000000e7600000| PB 0x00000000e7600000| Untracked 
| 119|0x00000000e7700000, 0x00000000e7700000, 0x00000000e7800000|  0%| F|  |TAMS 0x00000000e7700000| PB 0x00000000e7700000| Untracked 
| 120|0x00000000e7800000, 0x00000000e7800000, 0x00000000e7900000|  0%| F|  |TAMS 0x00000000e7800000| PB 0x00000000e7800000| Untracked 
| 121|0x00000000e7900000, 0x00000000e7900000, 0x00000000e7a00000|  0%| F|  |TAMS 0x00000000e7900000| PB 0x00000000e7900000| Untracked 
| 122|0x00000000e7a00000, 0x00000000e7a00000, 0x00000000e7b00000|  0%| F|  |TAMS 0x00000000e7a00000| PB 0x00000000e7a00000| Untracked 
| 123|0x00000000e7b00000, 0x00000000e7b00000, 0x00000000e7c00000|  0%| F|  |TAMS 0x00000000e7b00000| PB 0x00000000e7b00000| Untracked 
| 124|0x00000000e7c00000, 0x00000000e7c00000, 0x00000000e7d00000|  0%| F|  |TAMS 0x00000000e7c00000| PB 0x00000000e7c00000| Untracked 
| 125|0x00000000e7d00000, 0x00000000e7d00000, 0x00000000e7e00000|  0%| F|  |TAMS 0x00000000e7d00000| PB 0x00000000e7d00000| Untracked 
| 126|0x00000000e7e00000, 0x00000000e7e00000, 0x00000000e7f00000|  0%| F|  |TAMS 0x00000000e7e00000| PB 0x00000000e7e00000| Untracked 
| 127|0x00000000e7f00000, 0x00000000e7f00000, 0x00000000e8000000|  0%| F|  |TAMS 0x00000000e7f00000| PB 0x00000000e7f00000| Untracked 
| 128|0x00000000e8000000, 0x00000000e8000000, 0x00000000e8100000|  0%| F|  |TAMS 0x00000000e8000000| PB 0x00000000e8000000| Untracked 
| 129|0x00000000e8100000, 0x00000000e8100000, 0x00000000e8200000|  0%| F|  |TAMS 0x00000000e8100000| PB 0x00000000e8100000| Untracked 
| 130|0x00000000e8200000, 0x00000000e8200000, 0x00000000e8300000|  0%| F|  |TAMS 0x00000000e8200000| PB 0x00000000e8200000| Untracked 
| 131|0x00000000e8300000, 0x00000000e8300000, 0x00000000e8400000|  0%| F|  |TAMS 0x00000000e8300000| PB 0x00000000e8300000| Untracked 
| 132|0x00000000e8400000, 0x00000000e8400000, 0x00000000e8500000|  0%| F|  |TAMS 0x00000000e8400000| PB 0x00000000e8400000| Untracked 
| 133|0x00000000e8500000, 0x00000000e8500000, 0x00000000e8600000|  0%| F|  |TAMS 0x00000000e8500000| PB 0x00000000e8500000| Untracked 
| 134|0x00000000e8600000, 0x00000000e8600000, 0x00000000e8700000|  0%| F|  |TAMS 0x00000000e8600000| PB 0x00000000e8600000| Untracked 
| 135|0x00000000e8700000, 0x00000000e8700000, 0x00000000e8800000|  0%| F|  |TAMS 0x00000000e8700000| PB 0x00000000e8700000| Untracked 
| 136|0x00000000e8800000, 0x00000000e8800000, 0x00000000e8900000|  0%| F|  |TAMS 0x00000000e8800000| PB 0x00000000e8800000| Untracked 
| 137|0x00000000e8900000, 0x00000000e8900000, 0x00000000e8a00000|  0%| F|  |TAMS 0x00000000e8900000| PB 0x00000000e8900000| Untracked 
| 138|0x00000000e8a00000, 0x00000000e8a00000, 0x00000000e8b00000|  0%| F|  |TAMS 0x00000000e8a00000| PB 0x00000000e8a00000| Untracked 
| 139|0x00000000e8b00000, 0x00000000e8b00000, 0x00000000e8c00000|  0%| F|  |TAMS 0x00000000e8b00000| PB 0x00000000e8b00000| Untracked 
| 140|0x00000000e8c00000, 0x00000000e8c00000, 0x00000000e8d00000|  0%| F|  |TAMS 0x00000000e8c00000| PB 0x00000000e8c00000| Untracked 
| 141|0x00000000e8d00000, 0x00000000e8d00000, 0x00000000e8e00000|  0%| F|  |TAMS 0x00000000e8d00000| PB 0x00000000e8d00000| Untracked 
| 142|0x00000000e8e00000, 0x00000000e8e00000, 0x00000000e8f00000|  0%| F|  |TAMS 0x00000000e8e00000| PB 0x00000000e8e00000| Untracked 
| 143|0x00000000e8f00000, 0x00000000e8f00000, 0x00000000e9000000|  0%| F|  |TAMS 0x00000000e8f00000| PB 0x00000000e8f00000| Untracked 
| 144|0x00000000e9000000, 0x00000000e9000000, 0x00000000e9100000|  0%| F|  |TAMS 0x00000000e9000000| PB 0x00000000e9000000| Untracked 
| 145|0x00000000e9100000, 0x00000000e9100000, 0x00000000e9200000|  0%| F|  |TAMS 0x00000000e9100000| PB 0x00000000e9100000| Untracked 
| 146|0x00000000e9200000, 0x00000000e9200000, 0x00000000e9300000|  0%| F|  |TAMS 0x00000000e9200000| PB 0x00000000e9200000| Untracked 
| 147|0x00000000e9300000, 0x00000000e9300000, 0x00000000e9400000|  0%| F|  |TAMS 0x00000000e9300000| PB 0x00000000e9300000| Untracked 
| 148|0x00000000e9400000, 0x00000000e9400000, 0x00000000e9500000|  0%| F|  |TAMS 0x00000000e9400000| PB 0x00000000e9400000| Untracked 
| 149|0x00000000e9500000, 0x00000000e9500000, 0x00000000e9600000|  0%| F|  |TAMS 0x00000000e9500000| PB 0x00000000e9500000| Untracked 
| 150|0x00000000e9600000, 0x00000000e9600000, 0x00000000e9700000|  0%| F|  |TAMS 0x00000000e9600000| PB 0x00000000e9600000| Untracked 
| 151|0x00000000e9700000, 0x00000000e9700000, 0x00000000e9800000|  0%| F|  |TAMS 0x00000000e9700000| PB 0x00000000e9700000| Untracked 
| 152|0x00000000e9800000, 0x00000000e9800000, 0x00000000e9900000|  0%| F|  |TAMS 0x00000000e9800000| PB 0x00000000e9800000| Untracked 
| 153|0x00000000e9900000, 0x00000000e9900000, 0x00000000e9a00000|  0%| F|  |TAMS 0x00000000e9900000| PB 0x00000000e9900000| Untracked 
| 154|0x00000000e9a00000, 0x00000000e9a00000, 0x00000000e9b00000|  0%| F|  |TAMS 0x00000000e9a00000| PB 0x00000000e9a00000| Untracked 
| 155|0x00000000e9b00000, 0x00000000e9b00000, 0x00000000e9c00000|  0%| F|  |TAMS 0x00000000e9b00000| PB 0x00000000e9b00000| Untracked 
| 156|0x00000000e9c00000, 0x00000000e9c00000, 0x00000000e9d00000|  0%| F|  |TAMS 0x00000000e9c00000| PB 0x00000000e9c00000| Untracked 
| 157|0x00000000e9d00000, 0x00000000e9d00000, 0x00000000e9e00000|  0%| F|  |TAMS 0x00000000e9d00000| PB 0x00000000e9d00000| Untracked 
| 158|0x00000000e9e00000, 0x00000000e9e00000, 0x00000000e9f00000|  0%| F|  |TAMS 0x00000000e9e00000| PB 0x00000000e9e00000| Untracked 
| 159|0x00000000e9f00000, 0x00000000e9f00000, 0x00000000ea000000|  0%| F|  |TAMS 0x00000000e9f00000| PB 0x00000000e9f00000| Untracked 
| 160|0x00000000ea000000, 0x00000000ea000000, 0x00000000ea100000|  0%| F|  |TAMS 0x00000000ea000000| PB 0x00000000ea000000| Untracked 
| 161|0x00000000ea100000, 0x00000000ea100000, 0x00000000ea200000|  0%| F|  |TAMS 0x00000000ea100000| PB 0x00000000ea100000| Untracked 
| 162|0x00000000ea200000, 0x00000000ea200000, 0x00000000ea300000|  0%| F|  |TAMS 0x00000000ea200000| PB 0x00000000ea200000| Untracked 
| 163|0x00000000ea300000, 0x00000000ea300000, 0x00000000ea400000|  0%| F|  |TAMS 0x00000000ea300000| PB 0x00000000ea300000| Untracked 
| 164|0x00000000ea400000, 0x00000000ea400000, 0x00000000ea500000|  0%| F|  |TAMS 0x00000000ea400000| PB 0x00000000ea400000| Untracked 
| 165|0x00000000ea500000, 0x00000000ea500000, 0x00000000ea600000|  0%| F|  |TAMS 0x00000000ea500000| PB 0x00000000ea500000| Untracked 
| 166|0x00000000ea600000, 0x00000000ea600000, 0x00000000ea700000|  0%| F|  |TAMS 0x00000000ea600000| PB 0x00000000ea600000| Untracked 
| 167|0x00000000ea700000, 0x00000000ea700000, 0x00000000ea800000|  0%| F|  |TAMS 0x00000000ea700000| PB 0x00000000ea700000| Untracked 
| 168|0x00000000ea800000, 0x00000000ea800000, 0x00000000ea900000|  0%| F|  |TAMS 0x00000000ea800000| PB 0x00000000ea800000| Untracked 
| 169|0x00000000ea900000, 0x00000000ea900000, 0x00000000eaa00000|  0%| F|  |TAMS 0x00000000ea900000| PB 0x00000000ea900000| Untracked 
| 170|0x00000000eaa00000, 0x00000000eaa00000, 0x00000000eab00000|  0%| F|  |TAMS 0x00000000eaa00000| PB 0x00000000eaa00000| Untracked 
| 171|0x00000000eab00000, 0x00000000eab00000, 0x00000000eac00000|  0%| F|  |TAMS 0x00000000eab00000| PB 0x00000000eab00000| Untracked 
| 172|0x00000000eac00000, 0x00000000eac00000, 0x00000000ead00000|  0%| F|  |TAMS 0x00000000eac00000| PB 0x00000000eac00000| Untracked 
| 173|0x00000000ead00000, 0x00000000ead00000, 0x00000000eae00000|  0%| F|  |TAMS 0x00000000ead00000| PB 0x00000000ead00000| Untracked 
| 174|0x00000000eae00000, 0x00000000eae00000, 0x00000000eaf00000|  0%| F|  |TAMS 0x00000000eae00000| PB 0x00000000eae00000| Untracked 
| 175|0x00000000eaf00000, 0x00000000eaf00000, 0x00000000eb000000|  0%| F|  |TAMS 0x00000000eaf00000| PB 0x00000000eaf00000| Untracked 
| 176|0x00000000eb000000, 0x00000000eb000000, 0x00000000eb100000|  0%| F|  |TAMS 0x00000000eb000000| PB 0x00000000eb000000| Untracked 
| 177|0x00000000eb100000, 0x00000000eb100000, 0x00000000eb200000|  0%| F|  |TAMS 0x00000000eb100000| PB 0x00000000eb100000| Untracked 
| 178|0x00000000eb200000, 0x00000000eb200000, 0x00000000eb300000|  0%| F|  |TAMS 0x00000000eb200000| PB 0x00000000eb200000| Untracked 
| 179|0x00000000eb300000, 0x00000000eb300000, 0x00000000eb400000|  0%| F|  |TAMS 0x00000000eb300000| PB 0x00000000eb300000| Untracked 
| 180|0x00000000eb400000, 0x00000000eb400000, 0x00000000eb500000|  0%| F|  |TAMS 0x00000000eb400000| PB 0x00000000eb400000| Untracked 
| 181|0x00000000eb500000, 0x00000000eb500000, 0x00000000eb600000|  0%| F|  |TAMS 0x00000000eb500000| PB 0x00000000eb500000| Untracked 
| 182|0x00000000eb600000, 0x00000000eb600000, 0x00000000eb700000|  0%| F|  |TAMS 0x00000000eb600000| PB 0x00000000eb600000| Untracked 
| 183|0x00000000eb700000, 0x00000000eb700000, 0x00000000eb800000|  0%| F|  |TAMS 0x00000000eb700000| PB 0x00000000eb700000| Untracked 
| 184|0x00000000eb800000, 0x00000000eb800000, 0x00000000eb900000|  0%| F|  |TAMS 0x00000000eb800000| PB 0x00000000eb800000| Untracked 
| 185|0x00000000eb900000, 0x00000000eb900000, 0x00000000eba00000|  0%| F|  |TAMS 0x00000000eb900000| PB 0x00000000eb900000| Untracked 
| 186|0x00000000eba00000, 0x00000000eba00000, 0x00000000ebb00000|  0%| F|  |TAMS 0x00000000eba00000| PB 0x00000000eba00000| Untracked 
| 187|0x00000000ebb00000, 0x00000000ebb00000, 0x00000000ebc00000|  0%| F|  |TAMS 0x00000000ebb00000| PB 0x00000000ebb00000| Untracked 
| 188|0x00000000ebc00000, 0x00000000ebc00000, 0x00000000ebd00000|  0%| F|  |TAMS 0x00000000ebc00000| PB 0x00000000ebc00000| Untracked 
| 189|0x00000000ebd00000, 0x00000000ebd00000, 0x00000000ebe00000|  0%| F|  |TAMS 0x00000000ebd00000| PB 0x00000000ebd00000| Untracked 
| 190|0x00000000ebe00000, 0x00000000ebe00000, 0x00000000ebf00000|  0%| F|  |TAMS 0x00000000ebe00000| PB 0x00000000ebe00000| Untracked 
| 191|0x00000000ebf00000, 0x00000000ebf00000, 0x00000000ec000000|  0%| F|  |TAMS 0x00000000ebf00000| PB 0x00000000ebf00000| Untracked 
| 192|0x00000000ec000000, 0x00000000ec000000, 0x00000000ec100000|  0%| F|  |TAMS 0x00000000ec000000| PB 0x00000000ec000000| Untracked 
| 193|0x00000000ec100000, 0x00000000ec100000, 0x00000000ec200000|  0%| F|  |TAMS 0x00000000ec100000| PB 0x00000000ec100000| Untracked 
| 194|0x00000000ec200000, 0x00000000ec200000, 0x00000000ec300000|  0%| F|  |TAMS 0x00000000ec200000| PB 0x00000000ec200000| Untracked 
| 195|0x00000000ec300000, 0x00000000ec300000, 0x00000000ec400000|  0%| F|  |TAMS 0x00000000ec300000| PB 0x00000000ec300000| Untracked 
| 196|0x00000000ec400000, 0x00000000ec400000, 0x00000000ec500000|  0%| F|  |TAMS 0x00000000ec400000| PB 0x00000000ec400000| Untracked 
| 197|0x00000000ec500000, 0x00000000ec500000, 0x00000000ec600000|  0%| F|  |TAMS 0x00000000ec500000| PB 0x00000000ec500000| Untracked 
| 198|0x00000000ec600000, 0x00000000ec600000, 0x00000000ec700000|  0%| F|  |TAMS 0x00000000ec600000| PB 0x00000000ec600000| Untracked 
| 199|0x00000000ec700000, 0x00000000ec700000, 0x00000000ec800000|  0%| F|  |TAMS 0x00000000ec700000| PB 0x00000000ec700000| Untracked 
| 200|0x00000000ec800000, 0x00000000ec800000, 0x00000000ec900000|  0%| F|  |TAMS 0x00000000ec800000| PB 0x00000000ec800000| Untracked 
| 201|0x00000000ec900000, 0x00000000ec900000, 0x00000000eca00000|  0%| F|  |TAMS 0x00000000ec900000| PB 0x00000000ec900000| Untracked 
| 202|0x00000000eca00000, 0x00000000eca00000, 0x00000000ecb00000|  0%| F|  |TAMS 0x00000000eca00000| PB 0x00000000eca00000| Untracked 
| 203|0x00000000ecb00000, 0x00000000ecb00000, 0x00000000ecc00000|  0%| F|  |TAMS 0x00000000ecb00000| PB 0x00000000ecb00000| Untracked 
| 204|0x00000000ecc00000, 0x00000000ecc00000, 0x00000000ecd00000|  0%| F|  |TAMS 0x00000000ecc00000| PB 0x00000000ecc00000| Untracked 
| 205|0x00000000ecd00000, 0x00000000ecd00000, 0x00000000ece00000|  0%| F|  |TAMS 0x00000000ecd00000| PB 0x00000000ecd00000| Untracked 
| 206|0x00000000ece00000, 0x00000000ece00000, 0x00000000ecf00000|  0%| F|  |TAMS 0x00000000ece00000| PB 0x00000000ece00000| Untracked 
| 207|0x00000000ecf00000, 0x00000000ecf00000, 0x00000000ed000000|  0%| F|  |TAMS 0x00000000ecf00000| PB 0x00000000ecf00000| Untracked 
| 208|0x00000000ed000000, 0x00000000ed000000, 0x00000000ed100000|  0%| F|  |TAMS 0x00000000ed000000| PB 0x00000000ed000000| Untracked 
| 209|0x00000000ed100000, 0x00000000ed100000, 0x00000000ed200000|  0%| F|  |TAMS 0x00000000ed100000| PB 0x00000000ed100000| Untracked 
| 210|0x00000000ed200000, 0x00000000ed200000, 0x00000000ed300000|  0%| F|  |TAMS 0x00000000ed200000| PB 0x00000000ed200000| Untracked 
| 211|0x00000000ed300000, 0x00000000ed300000, 0x00000000ed400000|  0%| F|  |TAMS 0x00000000ed300000| PB 0x00000000ed300000| Untracked 
| 212|0x00000000ed400000, 0x00000000ed400000, 0x00000000ed500000|  0%| F|  |TAMS 0x00000000ed400000| PB 0x00000000ed400000| Untracked 
| 213|0x00000000ed500000, 0x00000000ed500000, 0x00000000ed600000|  0%| F|  |TAMS 0x00000000ed500000| PB 0x00000000ed500000| Untracked 
| 214|0x00000000ed600000, 0x00000000ed600000, 0x00000000ed700000|  0%| F|  |TAMS 0x00000000ed600000| PB 0x00000000ed600000| Untracked 
| 215|0x00000000ed700000, 0x00000000ed700000, 0x00000000ed800000|  0%| F|  |TAMS 0x00000000ed700000| PB 0x00000000ed700000| Untracked 
| 216|0x00000000ed800000, 0x00000000ed800000, 0x00000000ed900000|  0%| F|  |TAMS 0x00000000ed800000| PB 0x00000000ed800000| Untracked 
| 217|0x00000000ed900000, 0x00000000ed900000, 0x00000000eda00000|  0%| F|  |TAMS 0x00000000ed900000| PB 0x00000000ed900000| Untracked 
| 218|0x00000000eda00000, 0x00000000eda00000, 0x00000000edb00000|  0%| F|  |TAMS 0x00000000eda00000| PB 0x00000000eda00000| Untracked 
| 219|0x00000000edb00000, 0x00000000edb00000, 0x00000000edc00000|  0%| F|  |TAMS 0x00000000edb00000| PB 0x00000000edb00000| Untracked 
| 220|0x00000000edc00000, 0x00000000edc00000, 0x00000000edd00000|  0%| F|  |TAMS 0x00000000edc00000| PB 0x00000000edc00000| Untracked 
| 221|0x00000000edd00000, 0x00000000edd00000, 0x00000000ede00000|  0%| F|  |TAMS 0x00000000edd00000| PB 0x00000000edd00000| Untracked 
| 222|0x00000000ede00000, 0x00000000ede00000, 0x00000000edf00000|  0%| F|  |TAMS 0x00000000ede00000| PB 0x00000000ede00000| Untracked 
| 223|0x00000000edf00000, 0x00000000edf00000, 0x00000000ee000000|  0%| F|  |TAMS 0x00000000edf00000| PB 0x00000000edf00000| Untracked 
| 224|0x00000000ee000000, 0x00000000ee000000, 0x00000000ee100000|  0%| F|  |TAMS 0x00000000ee000000| PB 0x00000000ee000000| Untracked 
| 225|0x00000000ee100000, 0x00000000ee100000, 0x00000000ee200000|  0%| F|  |TAMS 0x00000000ee100000| PB 0x00000000ee100000| Untracked 
| 226|0x00000000ee200000, 0x00000000ee200000, 0x00000000ee300000|  0%| F|  |TAMS 0x00000000ee200000| PB 0x00000000ee200000| Untracked 
| 227|0x00000000ee300000, 0x00000000ee300000, 0x00000000ee400000|  0%| F|  |TAMS 0x00000000ee300000| PB 0x00000000ee300000| Untracked 
| 228|0x00000000ee400000, 0x00000000ee400000, 0x00000000ee500000|  0%| F|  |TAMS 0x00000000ee400000| PB 0x00000000ee400000| Untracked 
| 229|0x00000000ee500000, 0x00000000ee500000, 0x00000000ee600000|  0%| F|  |TAMS 0x00000000ee500000| PB 0x00000000ee500000| Untracked 
| 230|0x00000000ee600000, 0x00000000ee700000, 0x00000000ee700000|100%| S|CS|TAMS 0x00000000ee600000| PB 0x00000000ee600000| Complete 
| 231|0x00000000ee700000, 0x00000000ee800000, 0x00000000ee800000|100%| S|CS|TAMS 0x00000000ee700000| PB 0x00000000ee700000| Complete 
| 232|0x00000000ee800000, 0x00000000ee900000, 0x00000000ee900000|100%| S|CS|TAMS 0x00000000ee800000| PB 0x00000000ee800000| Complete 
| 233|0x00000000ee900000, 0x00000000ee900000, 0x00000000eea00000|  0%| F|  |TAMS 0x00000000ee900000| PB 0x00000000ee900000| Untracked 
| 234|0x00000000eea00000, 0x00000000eea00000, 0x00000000eeb00000|  0%| F|  |TAMS 0x00000000eea00000| PB 0x00000000eea00000| Untracked 
| 235|0x00000000eeb00000, 0x00000000eeb00000, 0x00000000eec00000|  0%| F|  |TAMS 0x00000000eeb00000| PB 0x00000000eeb00000| Untracked 
| 236|0x00000000eec00000, 0x00000000eec00000, 0x00000000eed00000|  0%| F|  |TAMS 0x00000000eec00000| PB 0x00000000eec00000| Untracked 
| 237|0x00000000eed00000, 0x00000000eed00000, 0x00000000eee00000|  0%| F|  |TAMS 0x00000000eed00000| PB 0x00000000eed00000| Untracked 
| 238|0x00000000eee00000, 0x00000000eee00000, 0x00000000eef00000|  0%| F|  |TAMS 0x00000000eee00000| PB 0x00000000eee00000| Untracked 
| 239|0x00000000eef00000, 0x00000000eefc8ed8, 0x00000000ef000000| 78%| E|  |TAMS 0x00000000eef00000| PB 0x00000000eef00000| Complete 
| 240|0x00000000ef000000, 0x00000000ef100000, 0x00000000ef100000|100%| E|CS|TAMS 0x00000000ef000000| PB 0x00000000ef000000| Complete 
| 241|0x00000000ef100000, 0x00000000ef200000, 0x00000000ef200000|100%| E|CS|TAMS 0x00000000ef100000| PB 0x00000000ef100000| Complete 
| 242|0x00000000ef200000, 0x00000000ef300000, 0x00000000ef300000|100%| E|CS|TAMS 0x00000000ef200000| PB 0x00000000ef200000| Complete 
| 243|0x00000000ef300000, 0x00000000ef400000, 0x00000000ef400000|100%| E|CS|TAMS 0x00000000ef300000| PB 0x00000000ef300000| Complete 
| 244|0x00000000ef400000, 0x00000000ef500000, 0x00000000ef500000|100%| E|CS|TAMS 0x00000000ef400000| PB 0x00000000ef400000| Complete 
| 245|0x00000000ef500000, 0x00000000ef600000, 0x00000000ef600000|100%| E|CS|TAMS 0x00000000ef500000| PB 0x00000000ef500000| Complete 
| 246|0x00000000ef600000, 0x00000000ef700000, 0x00000000ef700000|100%| E|CS|TAMS 0x00000000ef600000| PB 0x00000000ef600000| Complete 
| 247|0x00000000ef700000, 0x00000000ef800000, 0x00000000ef800000|100%| E|CS|TAMS 0x00000000ef700000| PB 0x00000000ef700000| Complete 
| 248|0x00000000ef800000, 0x00000000ef900000, 0x00000000ef900000|100%| E|CS|TAMS 0x00000000ef800000| PB 0x00000000ef800000| Complete 
| 249|0x00000000ef900000, 0x00000000efa00000, 0x00000000efa00000|100%| E|CS|TAMS 0x00000000ef900000| PB 0x00000000ef900000| Complete 
| 250|0x00000000efa00000, 0x00000000efb00000, 0x00000000efb00000|100%| E|CS|TAMS 0x00000000efa00000| PB 0x00000000efa00000| Complete 
| 251|0x00000000efb00000, 0x00000000efc00000, 0x00000000efc00000|100%| E|CS|TAMS 0x00000000efb00000| PB 0x00000000efb00000| Complete 
| 252|0x00000000efc00000, 0x00000000efd00000, 0x00000000efd00000|100%| E|CS|TAMS 0x00000000efc00000| PB 0x00000000efc00000| Complete 
| 253|0x00000000efd00000, 0x00000000efe00000, 0x00000000efe00000|100%| E|CS|TAMS 0x00000000efd00000| PB 0x00000000efd00000| Complete 
| 254|0x00000000efe00000, 0x00000000eff00000, 0x00000000eff00000|100%| E|CS|TAMS 0x00000000efe00000| PB 0x00000000efe00000| Complete 
| 255|0x00000000eff00000, 0x00000000f0000000, 0x00000000f0000000|100%| E|CS|TAMS 0x00000000eff00000| PB 0x00000000eff00000| Complete 

Card table byte_map: [0x000001ac724e0000,0x000001ac725e0000] _byte_map_base: 0x000001ac71de0000

Marking Bits: (CMBitMap*) 0x000001ac5a7b7c30
 Bits: [0x000001ac725e0000, 0x000001ac72de0000)

Polling page: 0x000001ac586f0000

Metaspace:

Usage:
  Non-class:      6.99 MB used.
      Class:    943.84 KB used.
       Both:      7.91 MB used.

Virtual space:
  Non-class space:       64.00 MB reserved,       7.06 MB ( 11%) committed,  1 nodes.
      Class space:        1.00 GB reserved,       1.00 MB ( <1%) committed,  1 nodes.
             Both:        1.06 GB reserved,       8.06 MB ( <1%) committed. 

Chunk freelists:
   Non-Class:  6.95 MB
       Class:  14.95 MB
        Both:  21.91 MB

MaxMetaspaceSize: unlimited
CompressedClassSpaceSize: 1.00 GB
Initial GC threshold: 21.00 MB
Current GC threshold: 21.00 MB
CDS: on
 - commit_granule_bytes: 65536.
 - commit_granule_words: 8192.
 - virtual_space_node_default_size: 8388608.
 - enlarge_chunks_in_place: 1.
 - use_allocation_guard: 0.


Internal statistics:

num_allocs_failed_limit: 0.
num_arena_births: 38.
num_arena_deaths: 0.
num_vsnodes_births: 2.
num_vsnodes_deaths: 0.
num_space_committed: 129.
num_space_uncommitted: 0.
num_chunks_returned_to_freelist: 0.
num_chunks_taken_from_freelist: 283.
num_chunk_merges: 0.
num_chunk_splits: 213.
num_chunks_enlarged: 184.
num_inconsistent_stats: 0.

CodeHeap 'non-profiled nmethods': size=120000Kb used=633Kb max_used=633Kb free=119366Kb
 bounds [0x000001ac6a950000, 0x000001ac6abc0000, 0x000001ac71e80000]
CodeHeap 'profiled nmethods': size=120000Kb used=2943Kb max_used=2943Kb free=117056Kb
 bounds [0x000001ac62e80000, 0x000001ac63160000, 0x000001ac6a3b0000]
CodeHeap 'non-nmethods': size=5760Kb used=1361Kb max_used=1404Kb free=4398Kb
 bounds [0x000001ac6a3b0000, 0x000001ac6a620000, 0x000001ac6a950000]
 total_blobs=2033 nmethods=1568 adapters=370
 compilation: enabled
              stopped_count=0, restarted_count=0
 full_count=0

Compilation events (20 events):
Event: 1.234 Thread 0x000001ac75a78940 nmethod 1519 0x000001ac6314ac90 code [0x000001ac6314ae40, 0x000001ac6314b018]
Event: 1.235 Thread 0x000001ac75a78940 1520       3       java.nio.ByteOrder::nativeOrder (4 bytes)
Event: 1.235 Thread 0x000001ac75a78940 nmethod 1520 0x000001ac6314b110 code [0x000001ac6314b2a0, 0x000001ac6314b398]
Event: 1.235 Thread 0x000001ac7a0cea50 nmethod 1515 0x000001ac6a9ebe90 code [0x000001ac6a9ec040, 0x000001ac6a9ec3d0]
Event: 1.236 Thread 0x000001ac75a78940 1521       3       com.google.inject.internal.Errors::<init> (22 bytes)
Event: 1.236 Thread 0x000001ac75a78940 nmethod 1521 0x000001ac6314b410 code [0x000001ac6314b5c0, 0x000001ac6314b820]
Event: 1.236 Thread 0x000001ac75a78940 1522       3       com.google.inject.internal.util.StackTraceElements::convertToInMemoryStackTraceElement (47 bytes)
Event: 1.237 Thread 0x000001ac75a78940 nmethod 1522 0x000001ac6314b910 code [0x000001ac6314bb00, 0x000001ac6314c040]
Event: 1.238 Thread 0x000001ac7a0cea50 1523       4       java.lang.Object::<init> (1 bytes)
Event: 1.239 Thread 0x000001ac75a78940 1524       3       com.google.inject.spi.InjectionPoint::forInstanceMethodsAndFields (40 bytes)
Event: 1.239 Thread 0x000001ac7a0cea50 nmethod 1523 0x000001ac6a9ec690 code [0x000001ac6a9ec820, 0x000001ac6a9ec8e8]
Event: 1.239 Thread 0x000001ac75a78940 nmethod 1524 0x000001ac6314c210 code [0x000001ac6314c460, 0x000001ac6314cc18]
Event: 1.243 Thread 0x000001ac7a0cea50 1525       4       java.util.ArrayList::add (25 bytes)
Event: 1.246 Thread 0x000001ac7a0cea50 nmethod 1525 0x000001ac6a9ec990 code [0x000001ac6a9ecb40, 0x000001ac6a9ecdc0]
Event: 1.246 Thread 0x000001ac75a78940 1526       3       jdk.internal.loader.AbstractClassLoaderValue$Sub::equals (55 bytes)
Event: 1.247 Thread 0x000001ac75a78940 nmethod 1526 0x000001ac6314cf10 code [0x000001ac6314d120, 0x000001ac6314d840]
Event: 1.248 Thread 0x000001ac75a78940 1527       3       com.google.common.collect.ImmutableList::iterator (5 bytes)
Event: 1.249 Thread 0x000001ac75a78940 nmethod 1527 0x000001ac6314d990 code [0x000001ac6314dbc0, 0x000001ac6314e4a0]
Event: 1.249 Thread 0x000001ac75a78940 1528       3       com.google.common.collect.ImmutableList::listIterator (6 bytes)
Event: 1.249 Thread 0x000001ac75a78940 nmethod 1528 0x000001ac6314e790 code [0x000001ac6314e9a0, 0x000001ac6314f190]

GC Heap History (2 events):
Event: 0.907 GC heap before
{Heap before GC invocations=0 (full 0):
 garbage-first heap   total 262144K, used 22528K [0x00000000e0000000, 0x0000000100000000)
  region size 1024K, 23 young (23552K), 0 survivors (0K)
 Metaspace       used 5143K, committed 5312K, reserved 1114112K
  class space    used 585K, committed 704K, reserved 1048576K
}
Event: 0.912 GC heap after
{Heap after GC invocations=1 (full 0):
 garbage-first heap   total 262144K, used 3529K [0x00000000e0000000, 0x0000000100000000)
  region size 1024K, 3 young (3072K), 3 survivors (3072K)
 Metaspace       used 5143K, committed 5312K, reserved 1114112K
  class space    used 585K, committed 704K, reserved 1048576K
}

Dll operation events (8 events):
Event: 0.006 Loaded shared library C:\PROGRAMAS_DESARROLLO\jdk-21.0.5+11\bin\java.dll
Event: 0.036 Loaded shared library C:\PROGRAMAS_DESARROLLO\jdk-21.0.5+11\bin\jsvml.dll
Event: 0.052 Loaded shared library C:\PROGRAMAS_DESARROLLO\jdk-21.0.5+11\bin\net.dll
Event: 0.054 Loaded shared library C:\PROGRAMAS_DESARROLLO\jdk-21.0.5+11\bin\nio.dll
Event: 0.057 Loaded shared library C:\PROGRAMAS_DESARROLLO\jdk-21.0.5+11\bin\zip.dll
Event: 0.233 Loaded shared library C:\PROGRAMAS_DESARROLLO\jdk-21.0.5+11\bin\jimage.dll
Event: 0.239 Loaded shared library C:\PROGRAMAS_DESARROLLO\apache-maven-3.8.8\lib\jansi-native\Windows\x86_64\jansi.dll
Event: 0.262 Loaded shared library C:\PROGRAMAS_DESARROLLO\jdk-21.0.5+11\bin\verify.dll

Deoptimization events (20 events):
Event: 1.064 Thread 0x000001ac58440ac0 DEOPT PACKING pc=0x000001ac6a9cb674 sp=0x00000027e4ffe200
Event: 1.064 Thread 0x000001ac58440ac0 DEOPT UNPACKING pc=0x000001ac6a4046a2 sp=0x00000027e4ffe1c0 mode 2
Event: 1.075 Thread 0x000001ac58440ac0 DEOPT PACKING pc=0x000001ac630b8309 sp=0x00000027e4ffe4b0
Event: 1.075 Thread 0x000001ac58440ac0 DEOPT UNPACKING pc=0x000001ac6a404e42 sp=0x00000027e4ffd920 mode 0
Event: 1.200 Thread 0x000001ac58440ac0 Uncommon trap: trap_request=0xffffffde fr.pc=0x000001ac6a9ea25c relative=0x000000000000013c
Event: 1.200 Thread 0x000001ac58440ac0 Uncommon trap: reason=class_check action=maybe_recompile pc=0x000001ac6a9ea25c method=jdk.internal.misc.Unsafe.allocateUninitializedArray(Ljava/lang/Class;I)Ljava/lang/Object; @ 51 c2
Event: 1.200 Thread 0x000001ac58440ac0 DEOPT PACKING pc=0x000001ac6a9ea25c sp=0x00000027e4ffd210
Event: 1.200 Thread 0x000001ac58440ac0 DEOPT UNPACKING pc=0x000001ac6a4046a2 sp=0x00000027e4ffd188 mode 2
Event: 1.200 Thread 0x000001ac58440ac0 Uncommon trap: trap_request=0xffffffde fr.pc=0x000001ac6a9ea25c relative=0x000000000000013c
Event: 1.200 Thread 0x000001ac58440ac0 Uncommon trap: reason=class_check action=maybe_recompile pc=0x000001ac6a9ea25c method=jdk.internal.misc.Unsafe.allocateUninitializedArray(Ljava/lang/Class;I)Ljava/lang/Object; @ 51 c2
Event: 1.200 Thread 0x000001ac58440ac0 DEOPT PACKING pc=0x000001ac6a9ea25c sp=0x00000027e4ffe420
Event: 1.200 Thread 0x000001ac58440ac0 DEOPT UNPACKING pc=0x000001ac6a4046a2 sp=0x00000027e4ffe398 mode 2
Event: 1.201 Thread 0x000001ac58440ac0 Uncommon trap: trap_request=0xffffffde fr.pc=0x000001ac6a9ea25c relative=0x000000000000013c
Event: 1.201 Thread 0x000001ac58440ac0 Uncommon trap: reason=class_check action=maybe_recompile pc=0x000001ac6a9ea25c method=jdk.internal.misc.Unsafe.allocateUninitializedArray(Ljava/lang/Class;I)Ljava/lang/Object; @ 51 c2
Event: 1.201 Thread 0x000001ac58440ac0 DEOPT PACKING pc=0x000001ac6a9ea25c sp=0x00000027e4ffe420
Event: 1.201 Thread 0x000001ac58440ac0 DEOPT UNPACKING pc=0x000001ac6a4046a2 sp=0x00000027e4ffe398 mode 2
Event: 1.201 Thread 0x000001ac58440ac0 Uncommon trap: trap_request=0xffffffde fr.pc=0x000001ac6a9ea25c relative=0x000000000000013c
Event: 1.201 Thread 0x000001ac58440ac0 Uncommon trap: reason=class_check action=maybe_recompile pc=0x000001ac6a9ea25c method=jdk.internal.misc.Unsafe.allocateUninitializedArray(Ljava/lang/Class;I)Ljava/lang/Object; @ 51 c2
Event: 1.201 Thread 0x000001ac58440ac0 DEOPT PACKING pc=0x000001ac6a9ea25c sp=0x00000027e4ffdd90
Event: 1.201 Thread 0x000001ac58440ac0 DEOPT UNPACKING pc=0x000001ac6a4046a2 sp=0x00000027e4ffdd08 mode 2

Classes loaded (20 events):
Event: 0.886 Loading class sun/reflect/misc/ReflectUtil
Event: 0.886 Loading class sun/reflect/misc/ReflectUtil done
Event: 1.129 Loading class sun/reflect/generics/scope/ConstructorScope
Event: 1.129 Loading class sun/reflect/generics/scope/ConstructorScope done
Event: 1.129 Loading class sun/reflect/generics/repository/ConstructorRepository
Event: 1.131 Loading class sun/reflect/generics/repository/ConstructorRepository done
Event: 1.131 Loading class sun/reflect/generics/tree/VoidDescriptor
Event: 1.131 Loading class sun/reflect/generics/tree/VoidDescriptor done
Event: 1.131 Loading class sun/reflect/generics/tree/MethodTypeSignature
Event: 1.131 Loading class sun/reflect/generics/tree/MethodTypeSignature done
Event: 1.138 Loading class java/lang/Deprecated
Event: 1.138 Loading class java/lang/Deprecated done
Event: 1.151 Loading class java/util/EventObject
Event: 1.151 Loading class java/util/EventObject done
Event: 1.173 Loading class java/util/concurrent/CompletionService
Event: 1.175 Loading class java/util/concurrent/CompletionService done
Event: 1.244 Loading class java/util/concurrent/locks/ReentrantReadWriteLock
Event: 1.245 Loading class java/util/concurrent/locks/ReadWriteLock
Event: 1.246 Loading class java/util/concurrent/locks/ReadWriteLock done
Event: 1.246 Loading class java/util/concurrent/locks/ReentrantReadWriteLock done

Classes unloaded (0 events):
No events

Classes redefined (0 events):
No events

Internal exceptions (12 events):
Event: 0.203 Thread 0x000001ac58440ac0 Exception <a 'java/lang/NoSuchMethodError'{0x00000000efcb5748}: 'java.lang.Object java.lang.invoke.Invokers$Holder.invokeExact_MT(java.lang.Object, java.lang.Object, java.lang.Object, java.lang.Object, java.lang.Object)'> (0x00000000efcb5748) 
thrown [s\src\hotspot\share\interpreter\linkResolver.cpp, line 773]
Event: 0.229 Thread 0x000001ac58440ac0 Exception <a 'java/lang/NullPointerException'{0x00000000efb0ab08}> (0x00000000efb0ab08) 
thrown [s\src\hotspot\share\interpreter\linkResolver.cpp, line 1372]
Event: 0.249 Thread 0x000001ac58440ac0 Exception <a 'java/lang/NullPointerException'{0x00000000efb3d738}> (0x00000000efb3d738) 
thrown [s\src\hotspot\share\interpreter\linkResolver.cpp, line 1372]
Event: 0.249 Thread 0x000001ac58440ac0 Exception <a 'java/lang/NullPointerException'{0x00000000efb3da18}> (0x00000000efb3da18) 
thrown [s\src\hotspot\share\interpreter\linkResolver.cpp, line 1372]
Event: 0.249 Thread 0x000001ac58440ac0 Exception <a 'java/lang/NullPointerException'{0x00000000efb3dcf8}> (0x00000000efb3dcf8) 
thrown [s\src\hotspot\share\interpreter\linkResolver.cpp, line 1372]
Event: 0.250 Thread 0x000001ac58440ac0 Exception <a 'java/lang/NullPointerException'{0x00000000efb429c8}> (0x00000000efb429c8) 
thrown [s\src\hotspot\share\interpreter\linkResolver.cpp, line 1372]
Event: 0.252 Thread 0x000001ac58440ac0 Exception <a 'java/lang/NullPointerException'{0x00000000efb55920}> (0x00000000efb55920) 
thrown [s\src\hotspot\share\interpreter\linkResolver.cpp, line 1372]
Event: 0.252 Thread 0x000001ac58440ac0 Exception <a 'java/lang/NullPointerException'{0x00000000efb55c00}> (0x00000000efb55c00) 
thrown [s\src\hotspot\share\interpreter\linkResolver.cpp, line 1372]
Event: 0.252 Thread 0x000001ac58440ac0 Exception <a 'java/lang/NullPointerException'{0x00000000efb55ee0}> (0x00000000efb55ee0) 
thrown [s\src\hotspot\share\interpreter\linkResolver.cpp, line 1372]
Event: 0.252 Thread 0x000001ac58440ac0 Exception <a 'java/lang/NullPointerException'{0x00000000efb561c0}> (0x00000000efb561c0) 
thrown [s\src\hotspot\share\interpreter\linkResolver.cpp, line 1372]
Event: 0.717 Thread 0x000001ac58440ac0 Exception <a 'java/lang/NoSuchMethodError'{0x00000000ef2c0188}: 'java.lang.Object java.lang.invoke.DirectMethodHandle$Holder.newInvokeSpecial(java.lang.Object, java.lang.Object, java.lang.Object, java.lang.Object, java.lang.Object)'> (0x00000000ef2c0188) 
thrown [s\src\hotspot\share\interpreter\linkResolver.cpp, line 773]
Event: 0.770 Thread 0x000001ac58440ac0 Exception <a 'java/lang/NoClassDefFoundError'{0x00000000ef00a920}: javax/enterprise/inject/Typed> (0x00000000ef00a920) 
thrown [s\src\hotspot\share\classfile\systemDictionary.cpp, line 301]

ZGC Phase Switch (0 events):
No events

VM Operations (14 events):
Event: 0.058 Executing VM operation: HandshakeAllThreads (Deoptimize)
Event: 0.058 Executing VM operation: HandshakeAllThreads (Deoptimize) done
Event: 0.229 Executing VM operation: HandshakeAllThreads (Deoptimize)
Event: 0.229 Executing VM operation: HandshakeAllThreads (Deoptimize) done
Event: 0.236 Executing VM operation: HandshakeAllThreads (Deoptimize)
Event: 0.236 Executing VM operation: HandshakeAllThreads (Deoptimize) done
Event: 0.792 Executing VM operation: ICBufferFull
Event: 0.792 Executing VM operation: ICBufferFull done
Event: 0.907 Executing VM operation: G1CollectForAllocation (G1 Evacuation Pause)
Event: 0.912 Executing VM operation: G1CollectForAllocation (G1 Evacuation Pause) done
Event: 1.136 Executing VM operation: HandshakeAllThreads (Deoptimize)
Event: 1.136 Executing VM operation: HandshakeAllThreads (Deoptimize) done
Event: 1.215 Executing VM operation: HandshakeAllThreads (Deoptimize)
Event: 1.215 Executing VM operation: HandshakeAllThreads (Deoptimize) done

Memory protections (0 events):
No events

Nmethod flushes (0 events):
No events

Events (13 events):
Event: 0.021 Thread 0x000001ac58440ac0 Thread added: 0x000001ac58440ac0
Event: 0.033 Thread 0x000001ac58440ac0 Thread added: 0x000001ac75a632a0
Event: 0.033 Thread 0x000001ac58440ac0 Thread added: 0x000001ac75a641b0
Event: 0.033 Thread 0x000001ac58440ac0 Thread added: 0x000001ac75a65f70
Event: 0.033 Thread 0x000001ac58440ac0 Thread added: 0x000001ac75a689d0
Event: 0.033 Thread 0x000001ac58440ac0 Thread added: 0x000001ac75a6b430
Event: 0.033 Thread 0x000001ac58440ac0 Thread added: 0x000001ac75a6ce90
Event: 0.033 Thread 0x000001ac58440ac0 Thread added: 0x000001ac75a6fea0
Event: 0.034 Thread 0x000001ac58440ac0 Thread added: 0x000001ac75a78940
Event: 0.048 Thread 0x000001ac58440ac0 Thread added: 0x000001ac75d2bc90
Event: 0.050 Thread 0x000001ac58440ac0 Thread added: 0x000001ac75d2c500
Event: 0.299 Thread 0x000001ac75a6fea0 Thread added: 0x000001ac7a0cea50
Event: 0.809 Thread 0x000001ac75a78940 Thread added: 0x000001ac7a234810


Dynamic libraries:
0x00007ff733cc0000 - 0x00007ff733cce000 	C:\PROGRAMAS_DESARROLLO\jdk-21.0.5+11\bin\java.exe
0x00007ffba8f50000 - 0x00007ffba9148000 	C:\WINDOWS\SYSTEM32\ntdll.dll
0x00007ffba7070000 - 0x00007ffba7132000 	C:\WINDOWS\System32\KERNEL32.DLL
0x00007ffba6670000 - 0x00007ffba6966000 	C:\WINDOWS\System32\KERNELBASE.dll
0x00007ffba6b50000 - 0x00007ffba6c50000 	C:\WINDOWS\System32\ucrtbase.dll
0x00007ffb723a0000 - 0x00007ffb723b8000 	C:\PROGRAMAS_DESARROLLO\jdk-21.0.5+11\bin\jli.dll
0x00007ffb70900000 - 0x00007ffb7091e000 	C:\PROGRAMAS_DESARROLLO\jdk-21.0.5+11\bin\VCRUNTIME140.dll
0x00007ffba8d40000 - 0x00007ffba8edd000 	C:\WINDOWS\System32\USER32.dll
0x00007ffba6f50000 - 0x00007ffba6f72000 	C:\WINDOWS\System32\win32u.dll
0x00007ffb91750000 - 0x00007ffb919ea000 	C:\WINDOWS\WinSxS\amd64_microsoft.windows.common-controls_6595b64144ccf1df_6.0.19041.5794_none_60bcd33171f2783c\COMCTL32.dll
0x00007ffba81b0000 - 0x00007ffba81db000 	C:\WINDOWS\System32\GDI32.dll
0x00007ffba8390000 - 0x00007ffba842e000 	C:\WINDOWS\System32\msvcrt.dll
0x00007ffba6d00000 - 0x00007ffba6e1a000 	C:\WINDOWS\System32\gdi32full.dll
0x00007ffba6e20000 - 0x00007ffba6ebd000 	C:\WINDOWS\System32\msvcp_win.dll
0x00007ffba8ee0000 - 0x00007ffba8f0f000 	C:\WINDOWS\System32\IMM32.DLL
0x00007ffb80fc0000 - 0x00007ffb80fcc000 	C:\PROGRAMAS_DESARROLLO\jdk-21.0.5+11\bin\vcruntime140_1.dll
0x00007ffb4eaa0000 - 0x00007ffb4eb2d000 	C:\PROGRAMAS_DESARROLLO\jdk-21.0.5+11\bin\msvcp140.dll
0x00007ffad5a90000 - 0x00007ffad681f000 	C:\PROGRAMAS_DESARROLLO\jdk-21.0.5+11\bin\server\jvm.dll
0x00007ffba8640000 - 0x00007ffba86ef000 	C:\WINDOWS\System32\ADVAPI32.dll
0x00007ffba7270000 - 0x00007ffba730f000 	C:\WINDOWS\System32\sechost.dll
0x00007ffba8430000 - 0x00007ffba8553000 	C:\WINDOWS\System32\RPCRT4.dll
0x00007ffba69c0000 - 0x00007ffba69e7000 	C:\WINDOWS\System32\bcrypt.dll
0x00007ffba7950000 - 0x00007ffba79bb000 	C:\WINDOWS\System32\WS2_32.dll
0x00007ffba5d50000 - 0x00007ffba5d9b000 	C:\WINDOWS\SYSTEM32\POWRPROF.dll
0x00007ffb91c70000 - 0x00007ffb91c97000 	C:\WINDOWS\SYSTEM32\WINMM.dll
0x00007ffba0070000 - 0x00007ffba007a000 	C:\WINDOWS\SYSTEM32\VERSION.dll
0x00007ffba5d20000 - 0x00007ffba5d32000 	C:\WINDOWS\SYSTEM32\UMPDC.dll
0x00007ffba4dd0000 - 0x00007ffba4de2000 	C:\WINDOWS\SYSTEM32\kernel.appcore.dll
0x00007ffb7b6d0000 - 0x00007ffb7b6da000 	C:\PROGRAMAS_DESARROLLO\jdk-21.0.5+11\bin\jimage.dll
0x00007ffba4320000 - 0x00007ffba4521000 	C:\WINDOWS\SYSTEM32\DBGHELP.DLL
0x00007ffb9d040000 - 0x00007ffb9d074000 	C:\WINDOWS\SYSTEM32\dbgcore.DLL
0x00007ffba6ec0000 - 0x00007ffba6f42000 	C:\WINDOWS\System32\bcryptPrimitives.dll
0x00007ffb6e660000 - 0x00007ffb6e67f000 	C:\PROGRAMAS_DESARROLLO\jdk-21.0.5+11\bin\java.dll
0x00007ffba7a40000 - 0x00007ffba81ae000 	C:\WINDOWS\System32\SHELL32.dll
0x00007ffba4530000 - 0x00007ffba4cd3000 	C:\WINDOWS\SYSTEM32\windows.storage.dll
0x00007ffba7530000 - 0x00007ffba7883000 	C:\WINDOWS\System32\combase.dll
0x00007ffba5fc0000 - 0x00007ffba5feb000 	C:\WINDOWS\SYSTEM32\Wldp.dll
0x00007ffba7450000 - 0x00007ffba751d000 	C:\WINDOWS\System32\OLEAUT32.dll
0x00007ffba7390000 - 0x00007ffba743d000 	C:\WINDOWS\System32\SHCORE.dll
0x00007ffba7890000 - 0x00007ffba78e5000 	C:\WINDOWS\System32\shlwapi.dll
0x00007ffba6520000 - 0x00007ffba6545000 	C:\WINDOWS\SYSTEM32\profapi.dll
0x00007ffb4b630000 - 0x00007ffb4b707000 	C:\PROGRAMAS_DESARROLLO\jdk-21.0.5+11\bin\jsvml.dll
0x00007ffb7ac00000 - 0x00007ffb7ac10000 	C:\PROGRAMAS_DESARROLLO\jdk-21.0.5+11\bin\net.dll
0x00007ffb9d080000 - 0x00007ffb9d18a000 	C:\WINDOWS\SYSTEM32\WINHTTP.dll
0x00007ffba5cb0000 - 0x00007ffba5d1c000 	C:\WINDOWS\system32\mswsock.dll
0x00007ffb6fa40000 - 0x00007ffb6fa56000 	C:\PROGRAMAS_DESARROLLO\jdk-21.0.5+11\bin\nio.dll
0x00007ffb6eef0000 - 0x00007ffb6ef08000 	C:\PROGRAMAS_DESARROLLO\jdk-21.0.5+11\bin\zip.dll
0x0000000069ac0000 - 0x0000000069ae4000 	C:\PROGRAMAS_DESARROLLO\apache-maven-3.8.8\lib\jansi-native\Windows\x86_64\jansi.dll
0x00007ffb777d0000 - 0x00007ffb777e0000 	C:\PROGRAMAS_DESARROLLO\jdk-21.0.5+11\bin\verify.dll

dbghelp: loaded successfully - version: 4.0.5 - missing functions: none
symbol engine: initialized successfully - sym options: 0x614 - pdb path: .;C:\PROGRAMAS_DESARROLLO\jdk-21.0.5+11\bin;C:\WINDOWS\SYSTEM32;C:\WINDOWS\WinSxS\amd64_microsoft.windows.common-controls_6595b64144ccf1df_6.0.19041.5794_none_60bcd33171f2783c;C:\PROGRAMAS_DESARROLLO\jdk-21.0.5+11\bin\server;C:\PROGRAMAS_DESARROLLO\apache-maven-3.8.8\lib\jansi-native\Windows\x86_64

VM Arguments:
jvm_args: -Xms256m -Xmx512m -Dclassworlds.conf=C:\PROGRAMAS_DESARROLLO\apache-maven-3.8.8\bin\m2.conf -Dmaven.home=C:\PROGRAMAS_DESARROLLO\apache-maven-3.8.8 -Dlibrary.jansi.path=C:\PROGRAMAS_DESARROLLO\apache-maven-3.8.8\lib\jansi-native -Dmaven.multiModuleProjectDirectory=C:\WORKSPACE_DESARROLLO_INTELLIJ\MODULE_PATRON_PUB_SUB_RABBIT\rabbit-consumer 
java_command: org.codehaus.plexus.classworlds.launcher.Launcher clean install
java_class_path (initial): C:\PROGRAMAS_DESARROLLO\apache-maven-3.8.8\boot\plexus-classworlds-2.6.0.jar
Launcher Type: SUN_STANDARD

[Global flags]
     intx CICompilerCount                          = 4                                         {product} {ergonomic}
     uint ConcGCThreads                            = 3                                         {product} {ergonomic}
     uint G1ConcRefinementThreads                  = 10                                        {product} {ergonomic}
   size_t G1HeapRegionSize                         = 1048576                                   {product} {ergonomic}
    uintx GCDrainStackTargetSize                   = 64                                        {product} {ergonomic}
   size_t InitialHeapSize                          = 268435456                                 {product} {command line}
   size_t MarkStackSize                            = 4194304                                   {product} {ergonomic}
   size_t MaxHeapSize                              = 536870912                                 {product} {command line}
   size_t MaxNewSize                               = 321912832                                 {product} {ergonomic}
   size_t MinHeapDeltaBytes                        = 1048576                                   {product} {ergonomic}
   size_t MinHeapSize                              = 268435456                                 {product} {command line}
    uintx NonNMethodCodeHeapSize                   = 5839372                                {pd product} {ergonomic}
    uintx NonProfiledCodeHeapSize                  = 122909434                              {pd product} {ergonomic}
    uintx ProfiledCodeHeapSize                     = 122909434                              {pd product} {ergonomic}
    uintx ReservedCodeCacheSize                    = 251658240                              {pd product} {ergonomic}
     bool SegmentedCodeCache                       = true                                      {product} {ergonomic}
   size_t SoftMaxHeapSize                          = 536870912                              {manageable} {ergonomic}
     bool UseCompressedOops                        = true                           {product lp64_product} {ergonomic}
     bool UseG1GC                                  = true                                      {product} {ergonomic}
     bool UseLargePagesIndividualAllocation        = false                                  {pd product} {ergonomic}

Logging:
Log output configuration:
 #0: stdout all=warning uptime,level,tags foldmultilines=false
 #1: stderr all=off uptime,level,tags foldmultilines=false

Environment Variables:
JAVA_HOME=C:\PROGRAMAS_DESARROLLO\jdk-21.0.5+11
PATH=C:\Windows\system32;C:\Windows;C:\Windows\System32\Wbem;C:\Windows\System32\WindowsPowerShell\v1.0\;C:\Windows\System32\OpenSSH\;C:\Program Files\NVIDIA Corporation\NVIDIA NGX;C:\Program Files (x86)\NVIDIA Corporation\PhysX\Common;C:\Program Files\NVIDIA Corporation\NVIDIA NvDLISR;C:\WINDOWS\system32;C:\WINDOWS;C:\WINDOWS\System32\Wbem;C:\WINDOWS\System32\WindowsPowerShell\v1.0\;C:\WINDOWS\System32\OpenSSH\;%JAVA_HOME%\bin;C:\Program Files\DataStax-DDC\python;C:\Users\femer\AppData\Roaming\npm;%M2_HOME%\bin;C:\Program Files\Git\cmd;C:\Program Files\Redis\;C:\Program Files (x86)\Microsoft SQL Server\160\DTS\Binn\;C:\ProgramData\chocolatey\bin;;C:\Program Files\Docker\Docker\resources\bin;C:\Users\femer\AppData\Local\Microsoft\WindowsApps;C:\PROGRAMAS_DESARROLLO\INTELLIJ_IDEA\IntelliJ IDEA 2019.2.4\bin;;C:\Users\femer\AppData\Roaming\npm;C:\PROGRAMAS_DESARROLLO\apache-maven-3.8.8\bin;C:\PROGRAMAS_DESARROLLO\jdk-21.0.5+11\bin;C:\PROGRAMAS_DESARROLLO\gradle-8.12-bin\gradle-8.12\\bin;C:\PROGRAMAS_DESARROLLO\VSCode-win32-arm64-1.98.0\Microsoft VS Code\bin
USERNAME=femer
OS=Windows_NT
PROCESSOR_IDENTIFIER=Intel64 Family 6 Model 158 Stepping 10, GenuineIntel
TMP=C:\Users\femer\AppData\Local\Temp
TEMP=C:\Users\femer\AppData\Local\Temp




Periodic native trim disabled

---------------  S Y S T E M  ---------------

OS:
 Windows 10 , 64 bit Build 19041 (10.0.19041.5794)
OS uptime: 16 days 13:15 hours
Hyper-V role detected

CPU: total 12 (initial active 12) (6 cores per cpu, 2 threads per core) family 6 model 158 stepping 10 microcode 0xb4, cx8, cmov, fxsr, ht, mmx, 3dnowpref, sse, sse2, sse3, ssse3, sse4.1, sse4.2, popcnt, lzcnt, tsc, tscinvbit, avx, avx2, aes, erms, clmul, bmi1, bmi2, adx, fma, vzeroupper, clflush, clflushopt, hv, rdtscp, f16c
Processor Information for all 12 processors :
  Max Mhz: 2592, Current Mhz: 2592, Mhz Limit: 2592

Memory: 4k page, system-wide physical 16231M (2198M free)
TotalPageFile size 46612M (AvailPageFile size 5M)
current process WorkingSet (physical memory assigned to process): 92M, peak: 92M
current process commit charge ("private bytes"): 370M, peak: 370M

vm_info: OpenJDK 64-Bit Server VM (21.0.5+11-LTS) for windows-amd64 JRE (21.0.5+11-LTS), built on 2024-10-15T00:00:00Z by "admin" with MS VC++ 17.7 (VS2022)

END.
