#
# There is insufficient memory for the Java Runtime Environment to continue.
# Native memory allocation (mmap) failed to map 268435456 bytes. Error detail: G1 virtual space
# Possible reasons:
#   The system is out of physical RAM or swap space
#   This process is running with CompressedOops enabled, and the Java Heap may be blocking the growth of the native heap
# Possible solutions:
#   Reduce memory load on the system
#   Increase physical memory or swap space
#   Check if swap backing store is full
#   Decrease Java heap size (-Xmx/-Xms)
#   Decrease number of Java threads
#   Decrease Java thread stack sizes (-Xss)
#   Set larger code cache with -XX:ReservedCodeCacheSize=
#   JVM is running with Unscaled Compressed Oops mode in which the Java heap is
#     placed in the first 4GB address space. The Java Heap base address is the
#     maximum limit for the native heap growth. Please use -XX:HeapBaseMinAddress
#     to set the Java Heap base and to place the Java Heap above 4GB virtual address.
# This output file may be truncated or incomplete.
#
#  Out of Memory Error (os_windows.cpp:3616), pid=25576, tid=38440
#
# JRE version:  (21.0.5+11) (build )
# Java VM: OpenJDK 64-Bit Server VM (21.0.5+11-LTS, mixed mode, sharing, tiered, compressed oops, compressed class ptrs, g1 gc, windows-amd64)
# No core dump will be written. Minidumps are not enabled by default on client versions of Windows
#

---------------  S U M M A R Y ------------

Command Line: -Xms256m -Xmx512m -Dclassworlds.conf=C:\PROGRAMAS_DESARROLLO\apache-maven-3.8.8\bin\m2.conf -Dmaven.home=C:\PROGRAMAS_DESARROLLO\apache-maven-3.8.8 -Dlibrary.jansi.path=C:\PROGRAMAS_DESARROLLO\apache-maven-3.8.8\lib\jansi-native -Dmaven.multiModuleProjectDirectory=C:\WORKSPACE_DESARROLLO_INTELLIJ\MODULE_PATRON_PUB_SUB_RABBIT\rabbit-consumer org.codehaus.plexus.classworlds.launcher.Launcher clean install

Host: Intel(R) Core(TM) i7-9750H CPU @ 2.60GHz, 12 cores, 15G,  Windows 10 , 64 bit Build 19041 (10.0.19041.5794)
Time: Fri May 30 10:23:35 2025 Hora est. Pacífico, Sudamérica elapsed time: 0.028985 seconds (0d 0h 0m 0s)

---------------  T H R E A D  ---------------

Current thread (0x000002235850e410):  JavaThread "Unknown thread" [_thread_in_vm, id=38440, stack(0x00000094ec700000,0x00000094ec800000) (1024K)]

Stack: [0x00000094ec700000,0x00000094ec800000]
Native frames: (J=compiled Java code, j=interpreted, Vv=VM code, C=native code)
V  [jvm.dll+0x6cd4e9]
V  [jvm.dll+0x8a7941]
V  [jvm.dll+0x8a9e6e]
V  [jvm.dll+0x8aa543]
V  [jvm.dll+0x27f6d6]
V  [jvm.dll+0x6c9c25]
V  [jvm.dll+0x6be84a]
V  [jvm.dll+0x355c6a]
V  [jvm.dll+0x35d836]
V  [jvm.dll+0x3af40e]
V  [jvm.dll+0x3af6b8]
V  [jvm.dll+0x329dfc]
V  [jvm.dll+0x32a95b]
V  [jvm.dll+0x870ba9]
V  [jvm.dll+0x3bc1e1]
V  [jvm.dll+0x859cd3]
V  [jvm.dll+0x4504ee]
V  [jvm.dll+0x452131]
C  [jli.dll+0x5278]
C  [ucrtbase.dll+0x21bb2]
C  [KERNEL32.DLL+0x17374]
C  [ntdll.dll+0x4cc91]


---------------  P R O C E S S  ---------------

Threads class SMR info:
_java_thread_list=0x00007ffad66c90c8, length=0, elements={
}

Java Threads: ( => current thread )
Total: 0

Other Threads:
  0x000002235a718bb0 WorkerThread "GC Thread#0"                     [id=30576, stack(0x00000094ec800000,0x00000094ec900000) (1024K)]
  0x000002235a71dc50 ConcurrentGCThread "G1 Main Marker"            [id=21248, stack(0x00000094ec900000,0x00000094eca00000) (1024K)]
  0x000002235a71ee00 WorkerThread "G1 Conc#0"                       [id=14220, stack(0x00000094eca00000,0x00000094ecb00000) (1024K)]

[error occurred during error reporting (printing all threads), id 0xc0000005, EXCEPTION_ACCESS_VIOLATION (0xc0000005) at pc=0x00007ffad5dcc727]
VM state: not at safepoint (not fully initialized)

VM Mutex/Monitor currently owned by a thread:  ([mutex/lock_event])
[0x00007ffad673d480] Heap_lock - owner thread: 0x000002235850e410

Heap address: 0x00000000e0000000, size: 512 MB, Compressed Oops mode: 32-bit

CDS archive(s) mapped at: [0x0000000000000000-0x0000000000000000-0x0000000000000000), size 0, SharedBaseAddress: 0x0000000800000000, ArchiveRelocationMode: 1.
Narrow klass base: 0x0000000000000000, Narrow klass shift: 0, Narrow klass range: 0x0

GC Precious Log:
 CardTable entry size: 512
 Card Set container configuration: InlinePtr #cards 5 size 8 Array Of Cards #cards 12 size 40 Howl #buckets 4 coarsen threshold 1843 Howl Bitmap #cards 512 size 80 coarsen threshold 460 Card regions per heap region 1 cards per card region 2048

Heap:
 garbage-first heap   total 0K, used 0K [0x00000000e0000000, 0x0000000100000000)
  region size 1024K, 0 young (0K), 0 survivors (0K)

[error occurred during error reporting (printing heap information), id 0xc0000005, EXCEPTION_ACCESS_VIOLATION (0xc0000005) at pc=0x00007ffad61b6f49]
GC Heap History (0 events):
No events

Dll operation events (1 events):
Event: 0.015 Loaded shared library C:\PROGRAMAS_DESARROLLO\jdk-21.0.5+11\bin\java.dll

Deoptimization events (0 events):
No events

Classes loaded (0 events):
No events

Classes unloaded (0 events):
No events

Classes redefined (0 events):
No events

Internal exceptions (0 events):
No events

ZGC Phase Switch (0 events):
No events

VM Operations (0 events):
No events

Memory protections (0 events):
No events

Nmethod flushes (0 events):
No events

Events (0 events):
No events


Dynamic libraries:
0x00007ff733cc0000 - 0x00007ff733cce000 	C:\PROGRAMAS_DESARROLLO\jdk-21.0.5+11\bin\java.exe
0x00007ffba8f50000 - 0x00007ffba9148000 	C:\WINDOWS\SYSTEM32\ntdll.dll
0x00007ffba7070000 - 0x00007ffba7132000 	C:\WINDOWS\System32\KERNEL32.DLL
0x00007ffba6670000 - 0x00007ffba6966000 	C:\WINDOWS\System32\KERNELBASE.dll
0x00007ffba6b50000 - 0x00007ffba6c50000 	C:\WINDOWS\System32\ucrtbase.dll
0x00007ffb70900000 - 0x00007ffb7091e000 	C:\PROGRAMAS_DESARROLLO\jdk-21.0.5+11\bin\VCRUNTIME140.dll
0x00007ffb723a0000 - 0x00007ffb723b8000 	C:\PROGRAMAS_DESARROLLO\jdk-21.0.5+11\bin\jli.dll
0x00007ffba8d40000 - 0x00007ffba8edd000 	C:\WINDOWS\System32\USER32.dll
0x00007ffba6f50000 - 0x00007ffba6f72000 	C:\WINDOWS\System32\win32u.dll
0x00007ffb91750000 - 0x00007ffb919ea000 	C:\WINDOWS\WinSxS\amd64_microsoft.windows.common-controls_6595b64144ccf1df_6.0.19041.5794_none_60bcd33171f2783c\COMCTL32.dll
0x00007ffba81b0000 - 0x00007ffba81db000 	C:\WINDOWS\System32\GDI32.dll
0x00007ffba8390000 - 0x00007ffba842e000 	C:\WINDOWS\System32\msvcrt.dll
0x00007ffba6d00000 - 0x00007ffba6e1a000 	C:\WINDOWS\System32\gdi32full.dll
0x00007ffba6e20000 - 0x00007ffba6ebd000 	C:\WINDOWS\System32\msvcp_win.dll
0x00007ffba8ee0000 - 0x00007ffba8f0f000 	C:\WINDOWS\System32\IMM32.DLL
0x00007ffb80fc0000 - 0x00007ffb80fcc000 	C:\PROGRAMAS_DESARROLLO\jdk-21.0.5+11\bin\vcruntime140_1.dll
0x00007ffb4eaa0000 - 0x00007ffb4eb2d000 	C:\PROGRAMAS_DESARROLLO\jdk-21.0.5+11\bin\msvcp140.dll
0x00007ffad5a90000 - 0x00007ffad681f000 	C:\PROGRAMAS_DESARROLLO\jdk-21.0.5+11\bin\server\jvm.dll
0x00007ffba8640000 - 0x00007ffba86ef000 	C:\WINDOWS\System32\ADVAPI32.dll
0x00007ffba7270000 - 0x00007ffba730f000 	C:\WINDOWS\System32\sechost.dll
0x00007ffba8430000 - 0x00007ffba8553000 	C:\WINDOWS\System32\RPCRT4.dll
0x00007ffba69c0000 - 0x00007ffba69e7000 	C:\WINDOWS\System32\bcrypt.dll
0x00007ffba7950000 - 0x00007ffba79bb000 	C:\WINDOWS\System32\WS2_32.dll
0x00007ffba5d50000 - 0x00007ffba5d9b000 	C:\WINDOWS\SYSTEM32\POWRPROF.dll
0x00007ffb91c70000 - 0x00007ffb91c97000 	C:\WINDOWS\SYSTEM32\WINMM.dll
0x00007ffba0070000 - 0x00007ffba007a000 	C:\WINDOWS\SYSTEM32\VERSION.dll
0x00007ffba5d20000 - 0x00007ffba5d32000 	C:\WINDOWS\SYSTEM32\UMPDC.dll
0x00007ffba4dd0000 - 0x00007ffba4de2000 	C:\WINDOWS\SYSTEM32\kernel.appcore.dll
0x00007ffb7b6d0000 - 0x00007ffb7b6da000 	C:\PROGRAMAS_DESARROLLO\jdk-21.0.5+11\bin\jimage.dll
0x00007ffba4320000 - 0x00007ffba4521000 	C:\WINDOWS\SYSTEM32\DBGHELP.DLL
0x00007ffb9d040000 - 0x00007ffb9d074000 	C:\WINDOWS\SYSTEM32\dbgcore.DLL
0x00007ffba6ec0000 - 0x00007ffba6f42000 	C:\WINDOWS\System32\bcryptPrimitives.dll
0x00007ffb6e660000 - 0x00007ffb6e67f000 	C:\PROGRAMAS_DESARROLLO\jdk-21.0.5+11\bin\java.dll

dbghelp: loaded successfully - version: 4.0.5 - missing functions: none
symbol engine: initialized successfully - sym options: 0x614 - pdb path: .;C:\PROGRAMAS_DESARROLLO\jdk-21.0.5+11\bin;C:\WINDOWS\SYSTEM32;C:\WINDOWS\WinSxS\amd64_microsoft.windows.common-controls_6595b64144ccf1df_6.0.19041.5794_none_60bcd33171f2783c;C:\PROGRAMAS_DESARROLLO\jdk-21.0.5+11\bin\server

VM Arguments:
jvm_args: -Xms256m -Xmx512m -Dclassworlds.conf=C:\PROGRAMAS_DESARROLLO\apache-maven-3.8.8\bin\m2.conf -Dmaven.home=C:\PROGRAMAS_DESARROLLO\apache-maven-3.8.8 -Dlibrary.jansi.path=C:\PROGRAMAS_DESARROLLO\apache-maven-3.8.8\lib\jansi-native -Dmaven.multiModuleProjectDirectory=C:\WORKSPACE_DESARROLLO_INTELLIJ\MODULE_PATRON_PUB_SUB_RABBIT\rabbit-consumer 
java_command: org.codehaus.plexus.classworlds.launcher.Launcher clean install
java_class_path (initial): C:\PROGRAMAS_DESARROLLO\apache-maven-3.8.8\boot\plexus-classworlds-2.6.0.jar
Launcher Type: SUN_STANDARD

[Global flags]
     intx CICompilerCount                          = 4                                         {product} {ergonomic}
     uint ConcGCThreads                            = 3                                         {product} {ergonomic}
     uint G1ConcRefinementThreads                  = 10                                        {product} {ergonomic}
   size_t G1HeapRegionSize                         = 1048576                                   {product} {ergonomic}
    uintx GCDrainStackTargetSize                   = 64                                        {product} {ergonomic}
   size_t InitialHeapSize                          = 268435456                                 {product} {command line}
   size_t MarkStackSize                            = 4194304                                   {product} {ergonomic}
   size_t MaxHeapSize                              = 536870912                                 {product} {command line}
   size_t MinHeapDeltaBytes                        = 1048576                                   {product} {ergonomic}
   size_t MinHeapSize                              = 268435456                                 {product} {command line}
    uintx NonNMethodCodeHeapSize                   = 5839372                                {pd product} {ergonomic}
    uintx NonProfiledCodeHeapSize                  = 122909434                              {pd product} {ergonomic}
    uintx ProfiledCodeHeapSize                     = 122909434                              {pd product} {ergonomic}
    uintx ReservedCodeCacheSize                    = 251658240                              {pd product} {ergonomic}
     bool SegmentedCodeCache                       = true                                      {product} {ergonomic}
   size_t SoftMaxHeapSize                          = 536870912                              {manageable} {ergonomic}
     bool UseCompressedOops                        = true                           {product lp64_product} {ergonomic}
     bool UseG1GC                                  = true                                      {product} {ergonomic}
     bool UseLargePagesIndividualAllocation        = false                                  {pd product} {ergonomic}

Logging:
Log output configuration:
 #0: stdout all=warning uptime,level,tags foldmultilines=false
 #1: stderr all=off uptime,level,tags foldmultilines=false

Environment Variables:
JAVA_HOME=C:\PROGRAMAS_DESARROLLO\jdk-21.0.5+11
PATH=C:\Windows\system32;C:\Windows;C:\Windows\System32\Wbem;C:\Windows\System32\WindowsPowerShell\v1.0\;C:\Windows\System32\OpenSSH\;C:\Program Files\NVIDIA Corporation\NVIDIA NGX;C:\Program Files (x86)\NVIDIA Corporation\PhysX\Common;C:\Program Files\NVIDIA Corporation\NVIDIA NvDLISR;C:\WINDOWS\system32;C:\WINDOWS;C:\WINDOWS\System32\Wbem;C:\WINDOWS\System32\WindowsPowerShell\v1.0\;C:\WINDOWS\System32\OpenSSH\;%JAVA_HOME%\bin;C:\Program Files\DataStax-DDC\python;C:\Users\femer\AppData\Roaming\npm;%M2_HOME%\bin;C:\Program Files\Git\cmd;C:\Program Files\Redis\;C:\Program Files (x86)\Microsoft SQL Server\160\DTS\Binn\;C:\ProgramData\chocolatey\bin;;C:\Program Files\Docker\Docker\resources\bin;C:\Users\femer\AppData\Local\Microsoft\WindowsApps;C:\PROGRAMAS_DESARROLLO\INTELLIJ_IDEA\IntelliJ IDEA 2019.2.4\bin;;C:\Users\femer\AppData\Roaming\npm;C:\PROGRAMAS_DESARROLLO\apache-maven-3.8.8\bin;C:\PROGRAMAS_DESARROLLO\jdk-21.0.5+11\bin;C:\PROGRAMAS_DESARROLLO\gradle-8.12-bin\gradle-8.12\\bin;C:\PROGRAMAS_DESARROLLO\VSCode-win32-arm64-1.98.0\Microsoft VS Code\bin
USERNAME=femer
OS=Windows_NT
PROCESSOR_IDENTIFIER=Intel64 Family 6 Model 158 Stepping 10, GenuineIntel
TMP=C:\Users\femer\AppData\Local\Temp
TEMP=C:\Users\femer\AppData\Local\Temp




Periodic native trim disabled

---------------  S Y S T E M  ---------------

OS:
 Windows 10 , 64 bit Build 19041 (10.0.19041.5794)
OS uptime: 16 days 13:14 hours
Hyper-V role detected

CPU: total 12 (initial active 12) (6 cores per cpu, 2 threads per core) family 6 model 158 stepping 10 microcode 0xb4, cx8, cmov, fxsr, ht, mmx, 3dnowpref, sse, sse2, sse3, ssse3, sse4.1, sse4.2, popcnt, lzcnt, tsc, tscinvbit, avx, avx2, aes, erms, clmul, bmi1, bmi2, adx, fma, vzeroupper, clflush, clflushopt, hv, rdtscp, f16c
Processor Information for all 12 processors :
  Max Mhz: 2592, Current Mhz: 2592, Mhz Limit: 2592

Memory: 4k page, system-wide physical 16231M (1739M free)
TotalPageFile size 46609M (AvailPageFile size 198M)
current process WorkingSet (physical memory assigned to process): 10M, peak: 10M
current process commit charge ("private bytes"): 63M, peak: 319M

vm_info: OpenJDK 64-Bit Server VM (21.0.5+11-LTS) for windows-amd64 JRE (21.0.5+11-LTS), built on 2024-10-15T00:00:00Z by "admin" with MS VC++ 17.7 (VS2022)

END.
